// Jest Snapshot v1, https://goo.gl/fbAQLP

exports[`should render demo and match snapshot 1`] = `
<main>
  <demo-block>
    <wx-view
      class="custom-class demo-block fbm-clearfix "
    >
      <wx-view
        class="demo-block__title"
      >
        基础用法
      </wx-view>
      <fbm-nav-bar
        bind:click-left="onClickLeft"
        bind:click-right="onClickRight"
      >
        <wx-view
          class="fbm-nav-bar custom-class fbm-hairline--bottom"
          style="z-index:1;padding-top:20px; "
        >
          <wx-view
            class="fbm-nav-bar__content"
          >
            <wx-view
              class="fbm-nav-bar__left"
              bind:tap="onClickLeft"
            >
              <van-icon
                customClass="fbm-nav-bar__arrow"
              >
                <wx-view
                  class="custom-class van-icon van-icon-arrow-left"
                  style="font-size:16px"
                  bind:tap="onClick"
                />
              </van-icon>
            </wx-view>
            <wx-view
              class="fbm-nav-bar__title title-class fbm-ellipsis"
            >
              标题
            </wx-view>
            <wx-view
              class="fbm-nav-bar__right"
              bind:tap="onClickRight"
            >
              <wx-view
                class="fbm-nav-bar__text"
                hoverClass="fbm-nav-bar__text--hover"
                hoverStayTime="70"
              >
                按钮
              </wx-view>
            </wx-view>
          </wx-view>
        </wx-view>
      </fbm-nav-bar>
    </wx-view>
  </demo-block>
  <demo-block>
    <wx-view
      class="custom-class demo-block fbm-clearfix "
    >
      <wx-view
        class="demo-block__title"
      >
        高级用法
      </wx-view>
      <fbm-nav-bar>
        <wx-view
          class="fbm-nav-bar custom-class fbm-hairline--bottom"
          style="z-index:1;padding-top:20px; "
        >
          <wx-view
            class="fbm-nav-bar__content"
          >
            <wx-view
              class="fbm-nav-bar__left"
              bind:tap="onClickLeft"
            >
              <van-icon
                customClass="fbm-nav-bar__arrow"
              >
                <wx-view
                  class="custom-class van-icon van-icon-arrow-left"
                  style="font-size:16px"
                  bind:tap="onClick"
                />
              </van-icon>
              <wx-view
                class="fbm-nav-bar__text"
                hoverClass="fbm-nav-bar__text--hover"
                hoverStayTime="70"
              >
                返回
              </wx-view>
            </wx-view>
            <wx-view
              class="fbm-nav-bar__title title-class fbm-ellipsis"
            >
              标题
            </wx-view>
            <wx-view
              class="fbm-nav-bar__right"
              bind:tap="onClickRight"
            >
              <van-icon
                customClass="icon"
                slot="right"
              >
                <wx-view
                  class="custom-class van-icon van-icon-search"
                  style="font-size:18px"
                  bind:tap="onClick"
                />
              </van-icon>
            </wx-view>
          </wx-view>
        </wx-view>
      </fbm-nav-bar>
    </wx-view>
  </demo-block>
</main>
`;
