// Jest Snapshot v1, https://goo.gl/fbAQLP

exports[`should render demo and match snapshot 1`] = `
<main>
  <demo-block>
    <wx-view
      class="custom-class demo-block fbm-clearfix "
    >
      <wx-view
        class="demo-block__title"
      >
        基础用法
      </wx-view>
      <fbm-sticky>
        <wx-view
          class="custom-class fbm-sticky"
          style="z-index:99"
        >
          <wx-view
            class="fbm-sticky-wrap"
            style="z-index:99"
          >
            <fbm-button>
              <wx-button
                appParameter=""
                ariaLabel=""
                businessId="{{0}}"
                class="custom-class fbm-button fbm-button--primary fbm-button--normal "
                data-detail="{{null}}"
                formType=""
                hoverClass="fbm-button--active hover-class"
                id=""
                lang=""
                openType=""
                sendMessageImg=""
                sendMessagePath=""
                sendMessageTitle=""
                sessionFrom=""
                showMessageCard="{{false}}"
                style="margin-left: 15px"
                bind:contact="onContact"
                bind:error="onError"
                bind:getphonenumber="onGetPhoneNumber"
                bind:getuserinfo="onGetUserInfo"
                bind:launchapp="onLaunchApp"
                bind:opensetting="onOpenSetting"
                bind:tap="onClick"
              >
                <wx-view
                  class="fbm-button__text"
                >
                  
      基础用法
    
                </wx-view>
              </wx-button>
            </fbm-button>
          </wx-view>
        </wx-view>
      </fbm-sticky>
    </wx-view>
  </demo-block>
  <demo-block>
    <wx-view
      class="custom-class demo-block fbm-clearfix "
    >
      <wx-view
        class="demo-block__title"
      >
        吸顶距离
      </wx-view>
      <fbm-sticky>
        <wx-view
          class="custom-class fbm-sticky"
          style="z-index:99"
        >
          <wx-view
            class="fbm-sticky-wrap"
            style="z-index:99"
          >
            <fbm-button>
              <wx-button
                appParameter=""
                ariaLabel=""
                businessId="{{0}}"
                class="custom-class fbm-button fbm-button--info fbm-button--normal "
                data-detail="{{null}}"
                formType=""
                hoverClass="fbm-button--active hover-class"
                id=""
                lang=""
                openType=""
                sendMessageImg=""
                sendMessagePath=""
                sendMessageTitle=""
                sessionFrom=""
                showMessageCard="{{false}}"
                style="margin-left: 115px"
                bind:contact="onContact"
                bind:error="onError"
                bind:getphonenumber="onGetPhoneNumber"
                bind:getuserinfo="onGetUserInfo"
                bind:launchapp="onLaunchApp"
                bind:opensetting="onOpenSetting"
                bind:tap="onClick"
              >
                <wx-view
                  class="fbm-button__text"
                >
                  
      吸顶距离
    
                </wx-view>
              </wx-button>
            </fbm-button>
          </wx-view>
        </wx-view>
      </fbm-sticky>
    </wx-view>
  </demo-block>
  <demo-block>
    <wx-view
      class="custom-class demo-block fbm-clearfix "
    >
      <wx-view
        class="demo-block__title"
      >
        指定容器
      </wx-view>
      <wx-view
        id="container"
        style="height: 150px; background-color: #fff;"
      >
        <fbm-sticky>
          <wx-view
            class="custom-class fbm-sticky"
            style="z-index:99"
          >
            <wx-view
              class="fbm-sticky-wrap"
              style="z-index:99"
            >
              <fbm-button>
                <wx-button
                  appParameter=""
                  ariaLabel=""
                  businessId="{{0}}"
                  class="custom-class fbm-button fbm-button--warning fbm-button--normal "
                  data-detail="{{null}}"
                  formType=""
                  hoverClass="fbm-button--active hover-class"
                  id=""
                  lang=""
                  openType=""
                  sendMessageImg=""
                  sendMessagePath=""
                  sendMessageTitle=""
                  sessionFrom=""
                  showMessageCard="{{false}}"
                  style="margin-left: 215px;"
                  bind:contact="onContact"
                  bind:error="onError"
                  bind:getphonenumber="onGetPhoneNumber"
                  bind:getuserinfo="onGetUserInfo"
                  bind:launchapp="onLaunchApp"
                  bind:opensetting="onOpenSetting"
                  bind:tap="onClick"
                >
                  <wx-view
                    class="fbm-button__text"
                  >
                    
        指定容器
      
                  </wx-view>
                </wx-button>
              </fbm-button>
            </wx-view>
          </wx-view>
        </fbm-sticky>
      </wx-view>
    </wx-view>
  </demo-block>
  <demo-block>
    <wx-view
      class="custom-class demo-block fbm-clearfix "
    >
      <wx-view
        class="demo-block__title"
      >
        嵌套在 scroll-view 内使用
      </wx-view>
      <wx-scroll-view
        id="scroller"
        scrollY="{{true}}"
        style="height: 200px; background-color: #fff;"
        bind:scroll="onScroll"
      >
        <wx-view
          style="height: 400px; padding-top: 50px;"
        >
          <fbm-sticky>
            <wx-view
              class="custom-class fbm-sticky"
              style="z-index:99"
            >
              <wx-view
                class="fbm-sticky-wrap"
                style="z-index:99"
              >
                <fbm-button>
                  <wx-button
                    appParameter=""
                    ariaLabel=""
                    businessId="{{0}}"
                    class="custom-class fbm-button fbm-button--warning fbm-button--normal "
                    data-detail="{{null}}"
                    formType=""
                    hoverClass="fbm-button--active hover-class"
                    id=""
                    lang=""
                    openType=""
                    sendMessageImg=""
                    sendMessagePath=""
                    sendMessageTitle=""
                    sessionFrom=""
                    showMessageCard="{{false}}"
                    style=""
                    bind:contact="onContact"
                    bind:error="onError"
                    bind:getphonenumber="onGetPhoneNumber"
                    bind:getuserinfo="onGetUserInfo"
                    bind:launchapp="onLaunchApp"
                    bind:opensetting="onOpenSetting"
                    bind:tap="onClick"
                  >
                    <wx-view
                      class="fbm-button__text"
                    >
                      
          嵌套在 scroll-view 内
        
                    </wx-view>
                  </wx-button>
                </fbm-button>
              </wx-view>
            </wx-view>
          </fbm-sticky>
        </wx-view>
      </wx-scroll-view>
    </wx-view>
  </demo-block>
</main>
`;
