// Jest Snapshot v1, https://goo.gl/fbAQLP

exports[`should render demo and match snapshot 1`] = `
<main>
  <demo-block>
    <wx-view
      class="custom-class demo-block fbm-clearfix demo-block--padding"
    >
      <wx-view
        class="demo-block__title"
      >
        基础用法
      </wx-view>
      <fbm-empty>
        <wx-view
          class="custom-class fbm-empty"
        >
          <wx-view
            class="fbm-empty__image"
          />
          <wx-view
            class="fbm-empty__image"
          >
            <wx-image
              class="fbm-empty__image__img"
              src="https://img.yzcdn.cn/vant/empty-image-default.png"
            />
          </wx-view>
          <wx-view
            class="fbm-empty__description"
          />
          <wx-view
            class="fbm-empty__description"
          >
            
    描述文字
  
          </wx-view>
          <wx-view
            class="fbm-empty__bottom"
          />
        </wx-view>
      </fbm-empty>
    </wx-view>
  </demo-block>
  <demo-block>
    <wx-view
      class="custom-class demo-block fbm-clearfix "
    >
      <wx-view
        class="demo-block__title"
      >
        图片类型
      </wx-view>
      <fbm-tabs
        bind:change="onChange"
      >
        <wx-view
          class="custom-class fbm-tabs fbm-tabs--line"
        >
          <fbm-sticky
            bind:scroll="onTouchScroll"
          >
            <wx-view
              class="custom-class fbm-sticky"
              style="z-index:1"
            >
              <wx-view
                class="fbm-sticky-wrap"
                style="z-index:1"
              >
                <wx-view
                  class="fbm-tabs__wrap "
                >
                  <wx-scroll-view
                    class="fbm-tabs__scroll fbm-tabs__scroll--line"
                    scrollLeft="{{0}}"
                    scrollWithAnimation="{{false}}"
                    scrollX="{{false}}"
                    style=""
                  >
                    <wx-view
                      class="fbm-tabs__nav fbm-tabs__nav--line nav-class"
                      style=""
                    >
                      <wx-view
                        class="fbm-tabs__line"
                        style="width:40px;transform:translateX(0px);-webkit-transform:translateX(0px)"
                      />
                      <wx-view
                        class="tab-class tab-active-class fbm-ellipsis fbm-tab fbm-tab--active"
                        data-index="{{0}}"
                        style=""
                        bind:tap="onTap"
                      >
                        <wx-view
                          class="fbm-ellipsis"
                          style=""
                        >
                          
              通用错误
              
                        </wx-view>
                      </wx-view>
                      <wx-view
                        class="tab-class fbm-ellipsis fbm-tab"
                        data-index="{{1}}"
                        style=""
                        bind:tap="onTap"
                      >
                        <wx-view
                          class="fbm-ellipsis"
                          style=""
                        >
                          
              网络错误
              
                        </wx-view>
                      </wx-view>
                      <wx-view
                        class="tab-class fbm-ellipsis fbm-tab"
                        data-index="{{2}}"
                        style=""
                        bind:tap="onTap"
                      >
                        <wx-view
                          class="fbm-ellipsis"
                          style=""
                        >
                          
              搜索提示
              
                        </wx-view>
                      </wx-view>
                    </wx-view>
                  </wx-scroll-view>
                </wx-view>
              </wx-view>
            </wx-view>
          </fbm-sticky>
          <wx-view
            class="fbm-tabs__content"
            bind:touchcancel="onTouchEnd"
            bind:touchend="onTouchEnd"
            bind:touchmove="onTouchMove"
            bind:touchstart="onTouchStart"
          >
            <wx-view
              class="fbm-tabs__track fbm-tabs__track"
              style=""
            >
              <fbm-tab>
                <wx-view
                  class="custom-class fbm-tab__pane fbm-tab__pane--active"
                  style=""
                >
                  <fbm-empty>
                    <wx-view
                      class="custom-class fbm-empty"
                    >
                      <wx-view
                        class="fbm-empty__image"
                      />
                      <wx-view
                        class="fbm-empty__image"
                      >
                        <wx-image
                          class="fbm-empty__image__img"
                          src="https://img.yzcdn.cn/vant/empty-image-error.png"
                        />
                      </wx-view>
                      <wx-view
                        class="fbm-empty__description"
                      />
                      <wx-view
                        class="fbm-empty__description"
                      >
                        
    描述文字
  
                      </wx-view>
                      <wx-view
                        class="fbm-empty__bottom"
                      />
                    </wx-view>
                  </fbm-empty>
                </wx-view>
              </fbm-tab>
              <fbm-tab>
                <wx-view
                  class="custom-class fbm-tab__pane fbm-tab__pane--inactive"
                  style="display: none;"
                />
              </fbm-tab>
              <fbm-tab>
                <wx-view
                  class="custom-class fbm-tab__pane fbm-tab__pane--inactive"
                  style="display: none;"
                />
              </fbm-tab>
            </wx-view>
          </wx-view>
        </wx-view>
      </fbm-tabs>
    </wx-view>
  </demo-block>
  <demo-block>
    <wx-view
      class="custom-class demo-block fbm-clearfix demo-block--padding"
    >
      <wx-view
        class="demo-block__title"
      >
        自定义图片
      </wx-view>
      <fbm-empty
        customClass="custom-image"
      >
        <wx-view
          class="custom-class fbm-empty"
        >
          <wx-view
            class="fbm-empty__image"
          />
          <wx-view
            class="fbm-empty__image"
          >
            <wx-image
              class="fbm-empty__image__img"
              src="https://img.yzcdn.cn/vant/custom-empty-image.png"
            />
          </wx-view>
          <wx-view
            class="fbm-empty__description"
          />
          <wx-view
            class="fbm-empty__description"
          >
            
    描述文字
  
          </wx-view>
          <wx-view
            class="fbm-empty__bottom"
          />
        </wx-view>
      </fbm-empty>
    </wx-view>
  </demo-block>
  <demo-block>
    <wx-view
      class="custom-class demo-block fbm-clearfix demo-block--padding"
    >
      <wx-view
        class="demo-block__title"
      >
        底部内容
      </wx-view>
      <fbm-empty>
        <wx-view
          class="custom-class fbm-empty"
        >
          <wx-view
            class="fbm-empty__image"
          />
          <wx-view
            class="fbm-empty__image"
          >
            <wx-image
              class="fbm-empty__image__img"
              src="https://img.yzcdn.cn/vant/empty-image-default.png"
            />
          </wx-view>
          <wx-view
            class="fbm-empty__description"
          />
          <wx-view
            class="fbm-empty__description"
          >
            
    描述文字
  
          </wx-view>
          <wx-view
            class="fbm-empty__bottom"
          >
            <fbm-button
              customClass="bottom-button"
            >
              <wx-button
                appParameter=""
                ariaLabel=""
                businessId="{{0}}"
                class="custom-class fbm-button fbm-button--danger fbm-button--normal fbm-button--round "
                data-detail="{{null}}"
                formType=""
                hoverClass="fbm-button--active hover-class"
                id=""
                lang=""
                openType=""
                sendMessageImg=""
                sendMessagePath=""
                sendMessageTitle=""
                sessionFrom=""
                showMessageCard="{{false}}"
                style=""
                bind:contact="onContact"
                bind:error="onError"
                bind:getphonenumber="onGetPhoneNumber"
                bind:getuserinfo="onGetUserInfo"
                bind:launchapp="onLaunchApp"
                bind:opensetting="onOpenSetting"
                bind:tap="onClick"
              >
                <wx-view
                  class="fbm-button__text"
                >
                  
      按钮
    
                </wx-view>
              </wx-button>
            </fbm-button>
          </wx-view>
        </wx-view>
      </fbm-empty>
    </wx-view>
  </demo-block>
</main>
`;
