// Jest Snapshot v1, https://goo.gl/fbAQLP

exports[`should render demo and match snapshot 1`] = `
<main>
  <demo-block>
    <wx-view
      class="custom-class demo-block fbm-clearfix demo-block--padding"
    >
      <wx-view
        class="demo-block__title"
      >
        加载类型
      </wx-view>
      <fbm-loading
        customClass="demo-loading"
      >
        <wx-view
          class="custom-class fbm-loading"
        >
          <wx-view
            class="fbm-loading__spinner fbm-loading__spinner--circular"
            style=""
          />
          <wx-view
            class="fbm-loading__text"
            style=""
          />
        </wx-view>
      </fbm-loading>
      <fbm-loading
        customClass="demo-loading"
      >
        <wx-view
          class="custom-class fbm-loading"
        >
          <wx-view
            class="fbm-loading__spinner fbm-loading__spinner--spinner"
            style=""
          >
            <wx-view
              class="fbm-loading__dot"
            />
            <wx-view
              class="fbm-loading__dot"
            />
            <wx-view
              class="fbm-loading__dot"
            />
            <wx-view
              class="fbm-loading__dot"
            />
            <wx-view
              class="fbm-loading__dot"
            />
            <wx-view
              class="fbm-loading__dot"
            />
            <wx-view
              class="fbm-loading__dot"
            />
            <wx-view
              class="fbm-loading__dot"
            />
            <wx-view
              class="fbm-loading__dot"
            />
            <wx-view
              class="fbm-loading__dot"
            />
            <wx-view
              class="fbm-loading__dot"
            />
            <wx-view
              class="fbm-loading__dot"
            />
          </wx-view>
          <wx-view
            class="fbm-loading__text"
            style=""
          />
        </wx-view>
      </fbm-loading>
    </wx-view>
  </demo-block>
  <demo-block>
    <wx-view
      class="custom-class demo-block fbm-clearfix demo-block--padding"
    >
      <wx-view
        class="demo-block__title"
      >
        自定义颜色
      </wx-view>
      <fbm-loading
        customClass="demo-loading"
      >
        <wx-view
          class="custom-class fbm-loading"
        >
          <wx-view
            class="fbm-loading__spinner fbm-loading__spinner--circular"
            style="color:#1989fa"
          />
          <wx-view
            class="fbm-loading__text"
            style=""
          />
        </wx-view>
      </fbm-loading>
      <fbm-loading
        customClass="demo-loading"
      >
        <wx-view
          class="custom-class fbm-loading"
        >
          <wx-view
            class="fbm-loading__spinner fbm-loading__spinner--spinner"
            style="color:#1989fa"
          >
            <wx-view
              class="fbm-loading__dot"
            />
            <wx-view
              class="fbm-loading__dot"
            />
            <wx-view
              class="fbm-loading__dot"
            />
            <wx-view
              class="fbm-loading__dot"
            />
            <wx-view
              class="fbm-loading__dot"
            />
            <wx-view
              class="fbm-loading__dot"
            />
            <wx-view
              class="fbm-loading__dot"
            />
            <wx-view
              class="fbm-loading__dot"
            />
            <wx-view
              class="fbm-loading__dot"
            />
            <wx-view
              class="fbm-loading__dot"
            />
            <wx-view
              class="fbm-loading__dot"
            />
            <wx-view
              class="fbm-loading__dot"
            />
          </wx-view>
          <wx-view
            class="fbm-loading__text"
            style=""
          />
        </wx-view>
      </fbm-loading>
    </wx-view>
  </demo-block>
  <demo-block>
    <wx-view
      class="custom-class demo-block fbm-clearfix demo-block--padding"
    >
      <wx-view
        class="demo-block__title"
      >
        加载文案
      </wx-view>
      <fbm-loading
        customClass="demo-loading"
      >
        <wx-view
          class="custom-class fbm-loading"
        >
          <wx-view
            class="fbm-loading__spinner fbm-loading__spinner--circular"
            style="width:24px;height:24px"
          />
          <wx-view
            class="fbm-loading__text"
            style=""
          >
            加载中...
          </wx-view>
        </wx-view>
      </fbm-loading>
    </wx-view>
  </demo-block>
  <demo-block>
    <wx-view
      class="custom-class demo-block fbm-clearfix demo-block--padding"
    >
      <wx-view
        class="demo-block__title"
      >
        垂直排列
      </wx-view>
      <fbm-loading
        customClass="demo-loading"
      >
        <wx-view
          class="custom-class fbm-loading fbm-loading--vertical"
        >
          <wx-view
            class="fbm-loading__spinner fbm-loading__spinner--circular"
            style="width:24px;height:24px"
          />
          <wx-view
            class="fbm-loading__text"
            style=""
          >
            加载中...
          </wx-view>
        </wx-view>
      </fbm-loading>
    </wx-view>
  </demo-block>
</main>
`;
