// Jest Snapshot v1, https://goo.gl/fbAQLP

exports[`should render demo and match snapshot 1`] = `
<main>
  <demo-block>
    <wx-view
      class="custom-class demo-block fbm-clearfix demo-block--padding"
    >
      <wx-view
        class="demo-block__title"
      >
        基础用法
      </wx-view>
      <fbm-button
        bind:click="showNotify"
      >
        <wx-button
          appParameter=""
          ariaLabel=""
          businessId="{{0}}"
          class="custom-class fbm-button fbm-button--danger fbm-button--normal "
          data-detail="{{null}}"
          formType=""
          hoverClass="fbm-button--active hover-class"
          id=""
          lang=""
          openType=""
          sendMessageImg=""
          sendMessagePath=""
          sendMessageTitle=""
          sessionFrom=""
          showMessageCard="{{false}}"
          style=""
          bind:contact="onContact"
          bind:error="onError"
          bind:getphonenumber="onGetPhoneNumber"
          bind:getuserinfo="onGetUserInfo"
          bind:launchapp="onLaunchApp"
          bind:opensetting="onOpenSetting"
          bind:tap="onClick"
        >
          <wx-view
            class="fbm-button__text"
          >
            基础用法
          </wx-view>
        </wx-button>
      </fbm-button>
    </wx-view>
  </demo-block>
  <demo-block>
    <wx-view
      class="custom-class demo-block fbm-clearfix demo-block--padding"
    >
      <wx-view
        class="demo-block__title"
      >
        通知类型
      </wx-view>
      <wx-view
        class="demo-margin-bottom"
      >
        <fbm-button
          class="demo-margin-right"
          data-type="primary"
          bind:click="showNotifyByType"
        >
          <wx-button
            appParameter=""
            ariaLabel=""
            businessId="{{0}}"
            class="custom-class fbm-button fbm-button--info fbm-button--normal "
            data-detail="{{null}}"
            formType=""
            hoverClass="fbm-button--active hover-class"
            id=""
            lang=""
            openType=""
            sendMessageImg=""
            sendMessagePath=""
            sendMessageTitle=""
            sessionFrom=""
            showMessageCard="{{false}}"
            style=""
            bind:contact="onContact"
            bind:error="onError"
            bind:getphonenumber="onGetPhoneNumber"
            bind:getuserinfo="onGetUserInfo"
            bind:launchapp="onLaunchApp"
            bind:opensetting="onOpenSetting"
            bind:tap="onClick"
          >
            <wx-view
              class="fbm-button__text"
            >
              主要通知
            </wx-view>
          </wx-button>
        </fbm-button>
        <fbm-button
          data-type="success"
          bind:click="showNotifyByType"
        >
          <wx-button
            appParameter=""
            ariaLabel=""
            businessId="{{0}}"
            class="custom-class fbm-button fbm-button--primary fbm-button--normal "
            data-detail="{{null}}"
            formType=""
            hoverClass="fbm-button--active hover-class"
            id=""
            lang=""
            openType=""
            sendMessageImg=""
            sendMessagePath=""
            sendMessageTitle=""
            sessionFrom=""
            showMessageCard="{{false}}"
            style=""
            bind:contact="onContact"
            bind:error="onError"
            bind:getphonenumber="onGetPhoneNumber"
            bind:getuserinfo="onGetUserInfo"
            bind:launchapp="onLaunchApp"
            bind:opensetting="onOpenSetting"
            bind:tap="onClick"
          >
            <wx-view
              class="fbm-button__text"
            >
              成功通知
            </wx-view>
          </wx-button>
        </fbm-button>
      </wx-view>
      <wx-view
        class="demo-margin-bottom"
      >
        <fbm-button
          class="demo-margin-right"
          data-type="danger"
          bind:click="showNotifyByType"
        >
          <wx-button
            appParameter=""
            ariaLabel=""
            businessId="{{0}}"
            class="custom-class fbm-button fbm-button--danger fbm-button--normal "
            data-detail="{{null}}"
            formType=""
            hoverClass="fbm-button--active hover-class"
            id=""
            lang=""
            openType=""
            sendMessageImg=""
            sendMessagePath=""
            sendMessageTitle=""
            sessionFrom=""
            showMessageCard="{{false}}"
            style=""
            bind:contact="onContact"
            bind:error="onError"
            bind:getphonenumber="onGetPhoneNumber"
            bind:getuserinfo="onGetUserInfo"
            bind:launchapp="onLaunchApp"
            bind:opensetting="onOpenSetting"
            bind:tap="onClick"
          >
            <wx-view
              class="fbm-button__text"
            >
              危险通知
            </wx-view>
          </wx-button>
        </fbm-button>
        <fbm-button
          data-type="warning"
          bind:click="showNotifyByType"
        >
          <wx-button
            appParameter=""
            ariaLabel=""
            businessId="{{0}}"
            class="custom-class fbm-button fbm-button--warning fbm-button--normal "
            data-detail="{{null}}"
            formType=""
            hoverClass="fbm-button--active hover-class"
            id=""
            lang=""
            openType=""
            sendMessageImg=""
            sendMessagePath=""
            sendMessageTitle=""
            sessionFrom=""
            showMessageCard="{{false}}"
            style=""
            bind:contact="onContact"
            bind:error="onError"
            bind:getphonenumber="onGetPhoneNumber"
            bind:getuserinfo="onGetUserInfo"
            bind:launchapp="onLaunchApp"
            bind:opensetting="onOpenSetting"
            bind:tap="onClick"
          >
            <wx-view
              class="fbm-button__text"
            >
              警告通知
            </wx-view>
          </wx-button>
        </fbm-button>
      </wx-view>
    </wx-view>
  </demo-block>
  <demo-block>
    <wx-view
      class="custom-class demo-block fbm-clearfix demo-block--padding"
    >
      <wx-view
        class="demo-block__title"
      >
        自定义通知
      </wx-view>
      <fbm-button
        class="demo-margin-right"
        bind:click="showCustomColor"
      >
        <wx-button
          appParameter=""
          ariaLabel=""
          businessId="{{0}}"
          class="custom-class fbm-button fbm-button--primary fbm-button--normal "
          data-detail="{{null}}"
          formType=""
          hoverClass="fbm-button--active hover-class"
          id=""
          lang=""
          openType=""
          sendMessageImg=""
          sendMessagePath=""
          sendMessageTitle=""
          sessionFrom=""
          showMessageCard="{{false}}"
          style=""
          bind:contact="onContact"
          bind:error="onError"
          bind:getphonenumber="onGetPhoneNumber"
          bind:getuserinfo="onGetUserInfo"
          bind:launchapp="onLaunchApp"
          bind:opensetting="onOpenSetting"
          bind:tap="onClick"
        >
          <wx-view
            class="fbm-button__text"
          >
            自定义颜色
          </wx-view>
        </wx-button>
      </fbm-button>
      <fbm-button
        bind:click="showCustomDuration"
      >
        <wx-button
          appParameter=""
          ariaLabel=""
          businessId="{{0}}"
          class="custom-class fbm-button fbm-button--primary fbm-button--normal "
          data-detail="{{null}}"
          formType=""
          hoverClass="fbm-button--active hover-class"
          id=""
          lang=""
          openType=""
          sendMessageImg=""
          sendMessagePath=""
          sendMessageTitle=""
          sessionFrom=""
          showMessageCard="{{false}}"
          style=""
          bind:contact="onContact"
          bind:error="onError"
          bind:getphonenumber="onGetPhoneNumber"
          bind:getuserinfo="onGetUserInfo"
          bind:launchapp="onLaunchApp"
          bind:opensetting="onOpenSetting"
          bind:tap="onClick"
        >
          <wx-view
            class="fbm-button__text"
          >
            自定义时长
          </wx-view>
        </wx-button>
      </fbm-button>
    </wx-view>
  </demo-block>
  <demo-block>
    <wx-view
      class="custom-class demo-block fbm-clearfix demo-block--padding"
    >
      <wx-view
        class="demo-block__title"
      >
        插入状态栏高度
      </wx-view>
      <fbm-button
        class="demo-margin-right"
        bind:click="showSafe"
      >
        <wx-button
          appParameter=""
          ariaLabel=""
          businessId="{{0}}"
          class="custom-class fbm-button fbm-button--primary fbm-button--normal "
          data-detail="{{null}}"
          formType=""
          hoverClass="fbm-button--active hover-class"
          id=""
          lang=""
          openType=""
          sendMessageImg=""
          sendMessagePath=""
          sendMessageTitle=""
          sessionFrom=""
          showMessageCard="{{false}}"
          style=""
          bind:contact="onContact"
          bind:error="onError"
          bind:getphonenumber="onGetPhoneNumber"
          bind:getuserinfo="onGetUserInfo"
          bind:launchapp="onLaunchApp"
          bind:opensetting="onOpenSetting"
          bind:tap="onClick"
        >
          <wx-view
            class="fbm-button__text"
          >
            插入状态栏高度
          </wx-view>
        </wx-button>
      </fbm-button>
    </wx-view>
  </demo-block>
  <fbm-notify
    id="fbm-notify"
  >
    <fbm-transition
      customClass="fbm-notify__container"
      bind:tap="onTap"
    />
  </fbm-notify>
</main>
`;
