// Jest Snapshot v1, https://goo.gl/fbAQLP

exports[`should render demo and match snapshot 1`] = `
<main>
  <demo-block>
    <wx-view
      class="custom-class demo-block fbm-clearfix "
    >
      <wx-view
        class="demo-block__title"
      >
        默认主题
      </wx-view>
      <fbm-cell-group>
        <wx-view
          class="custom-class fbm-cell-group fbm-hairline--top-bottom"
        >
          <fbm-field>
            <fbm-cell
              customClass="fbm-field"
            >
              <wx-view
                class="custom-class fbm-cell"
                hoverClass="fbm-cell--hover hover-class"
                hoverStayTime="70"
                style=""
                bind:tap="onClick"
              >
                <wx-view
                  class="fbm-cell__title title-class"
                  style="max-width:6.2em;min-width:6.2em;margin-right: 12px;"
                >
                  <wx-view
                    class="label-class fbm-field__label"
                    slot="title"
                  >
                    
    评分
  
                  </wx-view>
                </wx-view>
                <wx-view
                  class="fbm-cell__value value-class"
                >
                  <wx-view
                    class="fbm-field__body fbm-field__body--text"
                  >
                    <wx-view
                      class="fbm-field__control fbm-field__control--custom"
                      bind:tap="onClickInput"
                    >
                      <wx-view
                        slot="input"
                        style="width: 100%"
                      >
                        <fbm-rate
                          data-key="rate"
                          bind:change="onChange"
                        >
                          <wx-view
                            class="fbm-rate custom-class"
                            bind:touchmove="onTouchMove"
                          >
                            <wx-view
                              class="fbm-rate__item"
                              style=""
                            >
                              <van-icon
                                class="fbm-rate__icon fbm-rate__icon--full"
                                customClass="icon-class"
                                data-score="{{0}}"
                                style=""
                                bind:click="onSelect"
                              >
                                <wx-view
                                  class="custom-class van-icon van-icon-star"
                                  style=""
                                  bind:tap="onClick"
                                />
                              </van-icon>
                            </wx-view>
                            <wx-view
                              class="fbm-rate__item"
                              style=""
                            >
                              <van-icon
                                class="fbm-rate__icon fbm-rate__icon--full"
                                customClass="icon-class"
                                data-score="{{1}}"
                                style=""
                                bind:click="onSelect"
                              >
                                <wx-view
                                  class="custom-class van-icon van-icon-star"
                                  style=""
                                  bind:tap="onClick"
                                />
                              </van-icon>
                            </wx-view>
                            <wx-view
                              class="fbm-rate__item"
                              style=""
                            >
                              <van-icon
                                class="fbm-rate__icon fbm-rate__icon--full"
                                customClass="icon-class"
                                data-score="{{2}}"
                                style=""
                                bind:click="onSelect"
                              >
                                <wx-view
                                  class="custom-class van-icon van-icon-star"
                                  style=""
                                  bind:tap="onClick"
                                />
                              </van-icon>
                            </wx-view>
                            <wx-view
                              class="fbm-rate__item"
                              style=""
                            >
                              <van-icon
                                class="fbm-rate__icon fbm-rate__icon--full"
                                customClass="icon-class"
                                data-score="{{3}}"
                                style=""
                                bind:click="onSelect"
                              >
                                <wx-view
                                  class="custom-class van-icon van-icon-star"
                                  style=""
                                  bind:tap="onClick"
                                />
                              </van-icon>
                            </wx-view>
                            <wx-view
                              class="fbm-rate__item"
                              style=""
                            >
                              <van-icon
                                class="fbm-rate__icon"
                                customClass="icon-class"
                                data-score="{{4}}"
                                style=""
                                bind:click="onSelect"
                              >
                                <wx-view
                                  class="custom-class van-icon van-icon-star-o"
                                  style=""
                                  bind:tap="onClick"
                                />
                              </van-icon>
                            </wx-view>
                          </wx-view>
                        </fbm-rate>
                      </wx-view>
                    </wx-view>
                    <wx-input
                      adjustPosition="{{true}}"
                      alwaysEmbed="{{false}}"
                      autoFocus="{{false}}"
                      class="fbm-field__control input-class"
                      confirmHold="{{false}}"
                      confirmType=""
                      cursor="{{-1}}"
                      cursorSpacing="{{50}}"
                      disabled="{{false}}"
                      focus="{{false}}"
                      holdKeyboard="{{false}}"
                      maxlength="{{-1}}"
                      password="{{false}}"
                      placeholder=""
                      placeholderClass="fbm-field__placeholder"
                      placeholderStyle=""
                      selectionEnd="{{-1}}"
                      selectionStart="{{-1}}"
                      type="text"
                      value=""
                      bind:blur="onBlur"
                      bind:confirm="onConfirm"
                      bind:focus="onFocus"
                      bind:input="onInput"
                      bind:keyboardheightchange="onKeyboardHeightChange"
                      bind:tap="onClickInput"
                    />
                    <wx-view
                      class="fbm-field__icon-container"
                      bind:tap="onClickIcon"
                    />
                    <wx-view
                      class="fbm-field__button"
                    />
                  </wx-view>
                </wx-view>
              </wx-view>
            </fbm-cell>
          </fbm-field>
          <fbm-field>
            <fbm-cell
              customClass="fbm-field"
            >
              <wx-view
                class="custom-class fbm-cell fbm-cell--borderless"
                hoverClass="fbm-cell--hover hover-class"
                hoverStayTime="70"
                style=""
                bind:tap="onClick"
              >
                <wx-view
                  class="fbm-cell__title title-class"
                  style="max-width:6.2em;min-width:6.2em;margin-right: 12px;"
                >
                  <wx-view
                    class="label-class fbm-field__label"
                    slot="title"
                  >
                    
    滑块
  
                  </wx-view>
                </wx-view>
                <wx-view
                  class="fbm-cell__value value-class"
                >
                  <wx-view
                    class="fbm-field__body fbm-field__body--text"
                  >
                    <wx-view
                      class="fbm-field__control fbm-field__control--custom"
                      bind:tap="onClickInput"
                    >
                      <wx-view
                        slot="input"
                        style="width: 100%"
                      >
                        <fbm-slider
                          data-key="slider"
                          bind:change="onChange"
                        >
                          <wx-view
                            class="custom-class fbm-slider"
                            style="
          background: ;
          height: ;
        "
                            bind:tap="onClick"
                          >
                            <wx-view
                              class="fbm-slider__bar"
                              style="
          width: 50%;
          left: 0%;
          top: 0;
          
        ; "
                            >
                              <wx-view
                                class="fbm-slider__button-wrapper"
                                bind:touchcancel="onTouchEnd"
                                bind:touchend="onTouchEnd"
                                catch:touchmove="onTouchMove"
                                bind:touchstart="onTouchStart"
                              >
                                <wx-view
                                  class="fbm-slider__button"
                                />
                              </wx-view>
                            </wx-view>
                          </wx-view>
                        </fbm-slider>
                      </wx-view>
                    </wx-view>
                    <wx-input
                      adjustPosition="{{true}}"
                      alwaysEmbed="{{false}}"
                      autoFocus="{{false}}"
                      class="fbm-field__control input-class"
                      confirmHold="{{false}}"
                      confirmType=""
                      cursor="{{-1}}"
                      cursorSpacing="{{50}}"
                      disabled="{{false}}"
                      focus="{{false}}"
                      holdKeyboard="{{false}}"
                      maxlength="{{-1}}"
                      password="{{false}}"
                      placeholder=""
                      placeholderClass="fbm-field__placeholder"
                      placeholderStyle=""
                      selectionEnd="{{-1}}"
                      selectionStart="{{-1}}"
                      type="text"
                      value=""
                      bind:blur="onBlur"
                      bind:confirm="onConfirm"
                      bind:focus="onFocus"
                      bind:input="onInput"
                      bind:keyboardheightchange="onKeyboardHeightChange"
                      bind:tap="onClickInput"
                    />
                    <wx-view
                      class="fbm-field__icon-container"
                      bind:tap="onClickIcon"
                    />
                    <wx-view
                      class="fbm-field__button"
                    />
                  </wx-view>
                </wx-view>
              </wx-view>
            </fbm-cell>
          </fbm-field>
        </wx-view>
      </fbm-cell-group>
      <wx-view
        style="margin: 16px"
      >
        <fbm-button>
          <wx-button
            appParameter=""
            ariaLabel=""
            businessId="{{0}}"
            class="custom-class fbm-button fbm-button--primary fbm-button--normal fbm-button--block fbm-button--round "
            data-detail="{{null}}"
            formType=""
            hoverClass="fbm-button--active hover-class"
            id=""
            lang=""
            openType=""
            sendMessageImg=""
            sendMessagePath=""
            sendMessageTitle=""
            sessionFrom=""
            showMessageCard="{{false}}"
            style=""
            bind:contact="onContact"
            bind:error="onError"
            bind:getphonenumber="onGetPhoneNumber"
            bind:getuserinfo="onGetUserInfo"
            bind:launchapp="onLaunchApp"
            bind:opensetting="onOpenSetting"
            bind:tap="onClick"
          >
            <wx-view
              class="fbm-button__text"
            >
              提交
            </wx-view>
          </wx-button>
        </fbm-button>
      </wx-view>
    </wx-view>
  </demo-block>
  <demo-block>
    <wx-view
      class="custom-class demo-block fbm-clearfix "
    >
      <wx-view
        class="demo-block__title"
      >
        定制主题
      </wx-view>
      <fbm-config-provider>
        <wx-view
          class="fbm-config-provider"
          style="--rate-icon-full-color:#07c160;--slider-bar-height:4px;--slider-button-width:20px;--slider-button-height:20px;--slider-active-background-color:#07c160;--button-primary-border-color:#07c160;--button-primary-background-color:#07c160"
        >
          <fbm-cell-group>
            <wx-view
              class="custom-class fbm-cell-group fbm-hairline--top-bottom"
            >
              <fbm-field>
                <fbm-cell
                  customClass="fbm-field"
                >
                  <wx-view
                    class="custom-class fbm-cell"
                    hoverClass="fbm-cell--hover hover-class"
                    hoverStayTime="70"
                    style=""
                    bind:tap="onClick"
                  >
                    <wx-view
                      class="fbm-cell__title title-class"
                      style="max-width:6.2em;min-width:6.2em;margin-right: 12px;"
                    >
                      <wx-view
                        class="label-class fbm-field__label"
                        slot="title"
                      >
                        
    评分
  
                      </wx-view>
                    </wx-view>
                    <wx-view
                      class="fbm-cell__value value-class"
                    >
                      <wx-view
                        class="fbm-field__body fbm-field__body--text"
                      >
                        <wx-view
                          class="fbm-field__control fbm-field__control--custom"
                          bind:tap="onClickInput"
                        >
                          <wx-view
                            slot="input"
                            style="width: 100%"
                          >
                            <fbm-rate
                              data-key="rate"
                              bind:change="onChange"
                            >
                              <wx-view
                                class="fbm-rate custom-class"
                                bind:touchmove="onTouchMove"
                              >
                                <wx-view
                                  class="fbm-rate__item"
                                  style=""
                                >
                                  <van-icon
                                    class="fbm-rate__icon fbm-rate__icon--full"
                                    customClass="icon-class"
                                    data-score="{{0}}"
                                    style=""
                                    bind:click="onSelect"
                                  >
                                    <wx-view
                                      class="custom-class van-icon van-icon-star"
                                      style=""
                                      bind:tap="onClick"
                                    />
                                  </van-icon>
                                </wx-view>
                                <wx-view
                                  class="fbm-rate__item"
                                  style=""
                                >
                                  <van-icon
                                    class="fbm-rate__icon fbm-rate__icon--full"
                                    customClass="icon-class"
                                    data-score="{{1}}"
                                    style=""
                                    bind:click="onSelect"
                                  >
                                    <wx-view
                                      class="custom-class van-icon van-icon-star"
                                      style=""
                                      bind:tap="onClick"
                                    />
                                  </van-icon>
                                </wx-view>
                                <wx-view
                                  class="fbm-rate__item"
                                  style=""
                                >
                                  <van-icon
                                    class="fbm-rate__icon fbm-rate__icon--full"
                                    customClass="icon-class"
                                    data-score="{{2}}"
                                    style=""
                                    bind:click="onSelect"
                                  >
                                    <wx-view
                                      class="custom-class van-icon van-icon-star"
                                      style=""
                                      bind:tap="onClick"
                                    />
                                  </van-icon>
                                </wx-view>
                                <wx-view
                                  class="fbm-rate__item"
                                  style=""
                                >
                                  <van-icon
                                    class="fbm-rate__icon fbm-rate__icon--full"
                                    customClass="icon-class"
                                    data-score="{{3}}"
                                    style=""
                                    bind:click="onSelect"
                                  >
                                    <wx-view
                                      class="custom-class van-icon van-icon-star"
                                      style=""
                                      bind:tap="onClick"
                                    />
                                  </van-icon>
                                </wx-view>
                                <wx-view
                                  class="fbm-rate__item"
                                  style=""
                                >
                                  <van-icon
                                    class="fbm-rate__icon"
                                    customClass="icon-class"
                                    data-score="{{4}}"
                                    style=""
                                    bind:click="onSelect"
                                  >
                                    <wx-view
                                      class="custom-class van-icon van-icon-star-o"
                                      style=""
                                      bind:tap="onClick"
                                    />
                                  </van-icon>
                                </wx-view>
                              </wx-view>
                            </fbm-rate>
                          </wx-view>
                        </wx-view>
                        <wx-input
                          adjustPosition="{{true}}"
                          alwaysEmbed="{{false}}"
                          autoFocus="{{false}}"
                          class="fbm-field__control input-class"
                          confirmHold="{{false}}"
                          confirmType=""
                          cursor="{{-1}}"
                          cursorSpacing="{{50}}"
                          disabled="{{false}}"
                          focus="{{false}}"
                          holdKeyboard="{{false}}"
                          maxlength="{{-1}}"
                          password="{{false}}"
                          placeholder=""
                          placeholderClass="fbm-field__placeholder"
                          placeholderStyle=""
                          selectionEnd="{{-1}}"
                          selectionStart="{{-1}}"
                          type="text"
                          value=""
                          bind:blur="onBlur"
                          bind:confirm="onConfirm"
                          bind:focus="onFocus"
                          bind:input="onInput"
                          bind:keyboardheightchange="onKeyboardHeightChange"
                          bind:tap="onClickInput"
                        />
                        <wx-view
                          class="fbm-field__icon-container"
                          bind:tap="onClickIcon"
                        />
                        <wx-view
                          class="fbm-field__button"
                        />
                      </wx-view>
                    </wx-view>
                  </wx-view>
                </fbm-cell>
              </fbm-field>
              <fbm-field>
                <fbm-cell
                  customClass="fbm-field"
                >
                  <wx-view
                    class="custom-class fbm-cell fbm-cell--borderless"
                    hoverClass="fbm-cell--hover hover-class"
                    hoverStayTime="70"
                    style=""
                    bind:tap="onClick"
                  >
                    <wx-view
                      class="fbm-cell__title title-class"
                      style="max-width:6.2em;min-width:6.2em;margin-right: 12px;"
                    >
                      <wx-view
                        class="label-class fbm-field__label"
                        slot="title"
                      >
                        
    滑块
  
                      </wx-view>
                    </wx-view>
                    <wx-view
                      class="fbm-cell__value value-class"
                    >
                      <wx-view
                        class="fbm-field__body fbm-field__body--text"
                      >
                        <wx-view
                          class="fbm-field__control fbm-field__control--custom"
                          bind:tap="onClickInput"
                        >
                          <wx-view
                            slot="input"
                            style="width: 100%"
                          >
                            <fbm-slider
                              data-key="slider"
                              bind:change="onChange"
                            >
                              <wx-view
                                class="custom-class fbm-slider"
                                style="
          background: ;
          height: ;
        "
                                bind:tap="onClick"
                              >
                                <wx-view
                                  class="fbm-slider__bar"
                                  style="
          width: 50%;
          left: 0%;
          top: 0;
          
        ; "
                                >
                                  <wx-view
                                    class="fbm-slider__button-wrapper"
                                    bind:touchcancel="onTouchEnd"
                                    bind:touchend="onTouchEnd"
                                    catch:touchmove="onTouchMove"
                                    bind:touchstart="onTouchStart"
                                  >
                                    <wx-view
                                      class="fbm-slider__button"
                                    />
                                  </wx-view>
                                </wx-view>
                              </wx-view>
                            </fbm-slider>
                          </wx-view>
                        </wx-view>
                        <wx-input
                          adjustPosition="{{true}}"
                          alwaysEmbed="{{false}}"
                          autoFocus="{{false}}"
                          class="fbm-field__control input-class"
                          confirmHold="{{false}}"
                          confirmType=""
                          cursor="{{-1}}"
                          cursorSpacing="{{50}}"
                          disabled="{{false}}"
                          focus="{{false}}"
                          holdKeyboard="{{false}}"
                          maxlength="{{-1}}"
                          password="{{false}}"
                          placeholder=""
                          placeholderClass="fbm-field__placeholder"
                          placeholderStyle=""
                          selectionEnd="{{-1}}"
                          selectionStart="{{-1}}"
                          type="text"
                          value=""
                          bind:blur="onBlur"
                          bind:confirm="onConfirm"
                          bind:focus="onFocus"
                          bind:input="onInput"
                          bind:keyboardheightchange="onKeyboardHeightChange"
                          bind:tap="onClickInput"
                        />
                        <wx-view
                          class="fbm-field__icon-container"
                          bind:tap="onClickIcon"
                        />
                        <wx-view
                          class="fbm-field__button"
                        />
                      </wx-view>
                    </wx-view>
                  </wx-view>
                </fbm-cell>
              </fbm-field>
            </wx-view>
          </fbm-cell-group>
          <wx-view
            style="margin: 16px"
          >
            <fbm-button>
              <wx-button
                appParameter=""
                ariaLabel=""
                businessId="{{0}}"
                class="custom-class fbm-button fbm-button--primary fbm-button--normal fbm-button--block fbm-button--round "
                data-detail="{{null}}"
                formType=""
                hoverClass="fbm-button--active hover-class"
                id=""
                lang=""
                openType=""
                sendMessageImg=""
                sendMessagePath=""
                sendMessageTitle=""
                sessionFrom=""
                showMessageCard="{{false}}"
                style=""
                bind:contact="onContact"
                bind:error="onError"
                bind:getphonenumber="onGetPhoneNumber"
                bind:getuserinfo="onGetUserInfo"
                bind:launchapp="onLaunchApp"
                bind:opensetting="onOpenSetting"
                bind:tap="onClick"
              >
                <wx-view
                  class="fbm-button__text"
                >
                  提交
                </wx-view>
              </wx-button>
            </fbm-button>
          </wx-view>
        </wx-view>
      </fbm-config-provider>
    </wx-view>
  </demo-block>
</main>
`;
