// Jest Snapshot v1, https://goo.gl/fbAQLP

exports[`should render demo and match snapshot 1`] = `
<main>
  <fbm-grid>
    <wx-view
      class="fbm-grid custom-class "
      style="padding-left:0px"
    >
      <fbm-grid-item>
        <wx-view
          class="custom-class fbm-grid-item"
          style="width:50%;padding-right:0px"
          bind:tap="onClick"
        >
          <wx-view
            class="content-class fbm-grid-item__content fbm-grid-item__content--center "
            style=""
          >
            <h3
              class="demo-sidebar-title"
            >
              基础用法
            </h3>
            <fbm-sidebar
              customClass="custom-sidebar"
            >
              <wx-view
                class="fbm-sidebar custom-class"
              >
                <fbm-sidebar-item>
                  <wx-view
                    class="fbm-sidebar-item fbm-sidebar-item--selected active-class  custom-class"
                    hoverClass="fbm-sidebar-item--hover"
                    hoverStayTime="70"
                    bind:tap="onClick"
                  >
                    <wx-view
                      class="fbm-sidebar-item__text"
                    >
                      <wx-view>
                        标签名
                      </wx-view>
                    </wx-view>
                  </wx-view>
                </fbm-sidebar-item>
                <fbm-sidebar-item>
                  <wx-view
                    class="fbm-sidebar-item   custom-class"
                    hoverClass="fbm-sidebar-item--hover"
                    hoverStayTime="70"
                    bind:tap="onClick"
                  >
                    <wx-view
                      class="fbm-sidebar-item__text"
                    >
                      <wx-view>
                        标签名
                      </wx-view>
                    </wx-view>
                  </wx-view>
                </fbm-sidebar-item>
                <fbm-sidebar-item>
                  <wx-view
                    class="fbm-sidebar-item   custom-class"
                    hoverClass="fbm-sidebar-item--hover"
                    hoverStayTime="70"
                    bind:tap="onClick"
                  >
                    <wx-view
                      class="fbm-sidebar-item__text"
                    >
                      <wx-view>
                        标签名
                      </wx-view>
                    </wx-view>
                  </wx-view>
                </fbm-sidebar-item>
              </wx-view>
            </fbm-sidebar>
          </wx-view>
        </wx-view>
      </fbm-grid-item>
      <fbm-grid-item>
        <wx-view
          class="custom-class fbm-grid-item"
          style="width:50%;padding-right:0px"
          bind:tap="onClick"
        >
          <wx-view
            class="content-class fbm-grid-item__content fbm-grid-item__content--center "
            style=""
          >
            <h3
              class="demo-sidebar-title"
            >
              徽标提示
            </h3>
            <fbm-sidebar
              customClass="custom-sidebar"
            >
              <wx-view
                class="fbm-sidebar custom-class"
              >
                <fbm-sidebar-item>
                  <wx-view
                    class="fbm-sidebar-item fbm-sidebar-item--selected active-class  custom-class"
                    hoverClass="fbm-sidebar-item--hover"
                    hoverStayTime="70"
                    bind:tap="onClick"
                  >
                    <wx-view
                      class="fbm-sidebar-item__text"
                    >
                      <fbm-info>
                        <wx-view
                          class="fbm-info fbm-info fbm-info--dot custom-class"
                          style=""
                        >
                          
                        </wx-view>
                      </fbm-info>
                      <wx-view>
                        标签名
                      </wx-view>
                    </wx-view>
                  </wx-view>
                </fbm-sidebar-item>
                <fbm-sidebar-item>
                  <wx-view
                    class="fbm-sidebar-item   custom-class"
                    hoverClass="fbm-sidebar-item--hover"
                    hoverStayTime="70"
                    bind:tap="onClick"
                  >
                    <wx-view
                      class="fbm-sidebar-item__text"
                    >
                      <fbm-info>
                        <wx-view
                          class="fbm-info fbm-info custom-class"
                          style=""
                        >
                          5
                        </wx-view>
                      </fbm-info>
                      <wx-view>
                        标签名
                      </wx-view>
                    </wx-view>
                  </wx-view>
                </fbm-sidebar-item>
                <fbm-sidebar-item>
                  <wx-view
                    class="fbm-sidebar-item   custom-class"
                    hoverClass="fbm-sidebar-item--hover"
                    hoverStayTime="70"
                    bind:tap="onClick"
                  >
                    <wx-view
                      class="fbm-sidebar-item__text"
                    >
                      <fbm-info>
                        <wx-view
                          class="fbm-info fbm-info custom-class"
                          style=""
                        >
                          99+
                        </wx-view>
                      </fbm-info>
                      <wx-view>
                        标签名
                      </wx-view>
                    </wx-view>
                  </wx-view>
                </fbm-sidebar-item>
              </wx-view>
            </fbm-sidebar>
          </wx-view>
        </wx-view>
      </fbm-grid-item>
      <fbm-grid-item>
        <wx-view
          class="custom-class fbm-grid-item"
          style="width:50%;padding-right:0px;margin-top:0px"
          bind:tap="onClick"
        >
          <wx-view
            class="content-class fbm-grid-item__content fbm-grid-item__content--center "
            style=""
          >
            <h3
              class="demo-sidebar-title"
            >
              禁用选项
            </h3>
            <fbm-sidebar
              customClass="custom-sidebar"
            >
              <wx-view
                class="fbm-sidebar custom-class"
              >
                <fbm-sidebar-item>
                  <wx-view
                    class="fbm-sidebar-item fbm-sidebar-item--selected active-class  custom-class"
                    hoverClass="fbm-sidebar-item--hover"
                    hoverStayTime="70"
                    bind:tap="onClick"
                  >
                    <wx-view
                      class="fbm-sidebar-item__text"
                    >
                      <wx-view>
                        标签名
                      </wx-view>
                    </wx-view>
                  </wx-view>
                </fbm-sidebar-item>
                <fbm-sidebar-item>
                  <wx-view
                    class="fbm-sidebar-item fbm-sidebar-item--disabled  disabled-class custom-class"
                    hoverClass="fbm-sidebar-item--hover"
                    hoverStayTime="70"
                    bind:tap="onClick"
                  >
                    <wx-view
                      class="fbm-sidebar-item__text"
                    >
                      <wx-view>
                        标签名
                      </wx-view>
                    </wx-view>
                  </wx-view>
                </fbm-sidebar-item>
                <fbm-sidebar-item>
                  <wx-view
                    class="fbm-sidebar-item   custom-class"
                    hoverClass="fbm-sidebar-item--hover"
                    hoverStayTime="70"
                    bind:tap="onClick"
                  >
                    <wx-view
                      class="fbm-sidebar-item__text"
                    >
                      <wx-view>
                        标签名
                      </wx-view>
                    </wx-view>
                  </wx-view>
                </fbm-sidebar-item>
              </wx-view>
            </fbm-sidebar>
          </wx-view>
        </wx-view>
      </fbm-grid-item>
      <fbm-grid-item>
        <wx-view
          class="custom-class fbm-grid-item"
          style="width:50%;padding-right:0px;margin-top:0px"
          bind:tap="onClick"
        >
          <wx-view
            class="content-class fbm-grid-item__content fbm-grid-item__content--center "
            style=""
          >
            <h3
              class="demo-sidebar-title"
            >
              监听切换事件
            </h3>
            <fbm-sidebar
              customClass="custom-sidebar"
              bind:change="onChange"
            >
              <wx-view
                class="fbm-sidebar custom-class"
              >
                <fbm-sidebar-item>
                  <wx-view
                    class="fbm-sidebar-item fbm-sidebar-item--selected active-class  custom-class"
                    hoverClass="fbm-sidebar-item--hover"
                    hoverStayTime="70"
                    bind:tap="onClick"
                  >
                    <wx-view
                      class="fbm-sidebar-item__text"
                    >
                      <wx-view>
                        标签名 1
                      </wx-view>
                    </wx-view>
                  </wx-view>
                </fbm-sidebar-item>
                <fbm-sidebar-item>
                  <wx-view
                    class="fbm-sidebar-item   custom-class"
                    hoverClass="fbm-sidebar-item--hover"
                    hoverStayTime="70"
                    bind:tap="onClick"
                  >
                    <wx-view
                      class="fbm-sidebar-item__text"
                    >
                      <wx-view>
                        标签名 2
                      </wx-view>
                    </wx-view>
                  </wx-view>
                </fbm-sidebar-item>
                <fbm-sidebar-item>
                  <wx-view
                    class="fbm-sidebar-item   custom-class"
                    hoverClass="fbm-sidebar-item--hover"
                    hoverStayTime="70"
                    bind:tap="onClick"
                  >
                    <wx-view
                      class="fbm-sidebar-item__text"
                    >
                      <wx-view>
                        标签名 3
                      </wx-view>
                    </wx-view>
                  </wx-view>
                </fbm-sidebar-item>
              </wx-view>
            </fbm-sidebar>
          </wx-view>
        </wx-view>
      </fbm-grid-item>
    </wx-view>
  </fbm-grid>
  <fbm-notify
    id="fbm-notify"
  >
    <fbm-transition
      customClass="fbm-notify__container"
      bind:tap="onTap"
    />
  </fbm-notify>
</main>
`;
