// Jest Snapshot v1, https://goo.gl/fbAQLP

exports[`should render demo and match snapshot 1`] = `
<main>
  <wx-view
    class="container"
  >
    <demo-block>
      <wx-view
        class="custom-class demo-block fbm-clearfix "
      >
        <wx-view
          class="demo-block__title"
        >
          基础用法
        </wx-view>
        <fbm-card>
          <wx-view
            class="custom-class fbm-card"
          >
            <wx-view
              class="fbm-card__header"
            >
              <wx-view
                class="fbm-card__thumb"
                bind:tap="onClickThumb"
              >
                <wx-image
                  class="fbm-card__img thumb-class"
                  lazyLoad="{{false}}"
                  mode="aspectFit"
                  src="https://img.yzcdn.cn/upload_files/2017/07/02/af5b9f44deaeb68000d7e4a711160c53.jpg"
                />
              </wx-view>
              <wx-view
                class="fbm-card__content fbm-card__content"
              >
                <wx-view>
                  <wx-view
                    class="fbm-card__title title-class"
                  >
                    2018秋冬新款男士休闲时尚军绿飞行夹克秋冬新款男
                  </wx-view>
                  <wx-view
                    class="fbm-card__desc desc-class"
                  >
                    描述信息
                  </wx-view>
                </wx-view>
                <wx-view
                  class="fbm-card__bottom"
                >
                  <wx-view
                    class="fbm-card__price price-class"
                  >
                    <wx-text>
                      ¥
                    </wx-text>
                    <wx-text
                      class="fbm-card__price-integer"
                    >
                      2
                    </wx-text>
                    <wx-text
                      class="fbm-card__price-decimal"
                    >
                      .00
                    </wx-text>
                  </wx-view>
                  <wx-view
                    class="fbm-card__num num-class"
                  >
                    x 2
                  </wx-view>
                </wx-view>
              </wx-view>
            </wx-view>
            <wx-view
              class="fbm-card__footer"
            />
          </wx-view>
        </fbm-card>
      </wx-view>
    </demo-block>
    <demo-block>
      <wx-view
        class="custom-class demo-block fbm-clearfix "
      >
        <wx-view
          class="demo-block__title"
        >
          高级用法
        </wx-view>
        <fbm-card>
          <wx-view
            class="custom-class fbm-card"
          >
            <wx-view
              class="fbm-card__header"
            >
              <wx-view
                class="fbm-card__thumb"
                bind:tap="onClickThumb"
              >
                <wx-image
                  class="fbm-card__img thumb-class"
                  lazyLoad="{{false}}"
                  mode="aspectFit"
                  src="https://img.yzcdn.cn/upload_files/2017/07/02/af5b9f44deaeb68000d7e4a711160c53.jpg"
                />
                <fbm-tag
                  customClass="fbm-card__tag"
                >
                  <wx-view
                    class="custom-class fbm-tag fbm-tag--danger fbm-tag--mark"
                    style=""
                  >
                    
        标签
      
                  </wx-view>
                </fbm-tag>
              </wx-view>
              <wx-view
                class="fbm-card__content fbm-card__content"
              >
                <wx-view>
                  <wx-view
                    class="fbm-card__title title-class"
                  >
                    2018秋冬新款男士休闲时尚军绿飞行夹克秋冬新款男
                  </wx-view>
                  <wx-view
                    class="fbm-card__desc desc-class"
                  >
                    描述信息
                  </wx-view>
                  <wx-view
                    slot="tags"
                  >
                    <fbm-tag
                      customClass="tag"
                      plain="{{true}}"
                      type="danger"
                    >
                      标签1
                    </fbm-tag>
                    <fbm-tag
                      plain="{{true}}"
                      type="danger"
                    >
                      标签2
                    </fbm-tag>
                  </wx-view>
                </wx-view>
                <wx-view
                  class="fbm-card__bottom"
                >
                  <wx-view
                    class="fbm-card__price price-class"
                  >
                    <wx-text>
                      ¥
                    </wx-text>
                    <wx-text
                      class="fbm-card__price-integer"
                    >
                      2
                    </wx-text>
                    <wx-text
                      class="fbm-card__price-decimal"
                    >
                      .00
                    </wx-text>
                  </wx-view>
                  <wx-view
                    class="fbm-card__origin-price origin-price-class"
                  >
                    ¥ 10.00
                  </wx-view>
                  <wx-view
                    class="fbm-card__num num-class"
                  >
                    x 2
                  </wx-view>
                </wx-view>
              </wx-view>
            </wx-view>
            <wx-view
              class="fbm-card__footer"
            >
              <wx-view
                class="fbm-card__footer"
                slot="footer"
              >
                <fbm-button
                  customClass="button"
                  round="{{true}}"
                  size="mini"
                >
                  按钮
                </fbm-button>
                <fbm-button
                  round="{{true}}"
                  size="mini"
                >
                  按钮
                </fbm-button>
              </wx-view>
            </wx-view>
          </wx-view>
        </fbm-card>
      </wx-view>
    </demo-block>
  </wx-view>
</main>
`;
