// Jest Snapshot v1, https://goo.gl/fbAQLP

exports[`should render demo and match snapshot 1`] = `
<main>
  <demo-block>
    <wx-view
      class="custom-class demo-block fbm-clearfix "
    >
      <wx-view
        class="demo-block__title"
      >
        基础用法
      </wx-view>
      <fbm-goods-action
        customClass="goods-action-position"
      >
        <wx-view
          class="custom-class fbm-goods-action"
        >
          <fbm-goods-action-icon>
            <fbm-button
              customClass="fbm-goods-action-icon"
              bind:click="onClick"
              bind:contact="onContact"
              bind:error="onError"
              bind:getphonenumber="onGetPhoneNumber"
              bind:getuserinfo="onGetUserInfo"
              bind:launchapp="onLaunchApp"
              bind:opensetting="onOpenSetting"
            >
              <wx-button
                appParameter=""
                ariaLabel=""
                businessId="{{0}}"
                class="custom-class fbm-button fbm-button--default fbm-button--large fbm-button--square "
                data-detail="{{null}}"
                formType=""
                hoverClass="fbm-button--active hover-class"
                id=""
                lang=""
                openType="contact"
                sendMessageImg=""
                sendMessagePath=""
                sendMessageTitle=""
                sessionFrom=""
                showMessageCard="{{false}}"
                style=""
                bind:contact="onContact"
                bind:error="onError"
                bind:getphonenumber="onGetPhoneNumber"
                bind:getuserinfo="onGetUserInfo"
                bind:launchapp="onLaunchApp"
                bind:opensetting="onOpenSetting"
                bind:tap="onClick"
              >
                <wx-view
                  class="fbm-button__text"
                >
                  <van-icon
                    class="fbm-goods-action-icon__icon"
                    customClass="icon-class"
                  >
                    <wx-view
                      class="custom-class van-icon van-icon-chat-o"
                      style=""
                      bind:tap="onClick"
                    >
                      <fbm-info
                        customClass="van-icon__info"
                      />
                    </wx-view>
                  </van-icon>
                  <wx-text
                    class="text-class"
                  >
                    客服
                  </wx-text>
                </wx-view>
              </wx-button>
            </fbm-button>
          </fbm-goods-action-icon>
          <fbm-goods-action-icon
            bind:click="onClickIcon"
          >
            <fbm-button
              customClass="fbm-goods-action-icon"
              bind:click="onClick"
              bind:contact="onContact"
              bind:error="onError"
              bind:getphonenumber="onGetPhoneNumber"
              bind:getuserinfo="onGetUserInfo"
              bind:launchapp="onLaunchApp"
              bind:opensetting="onOpenSetting"
            >
              <wx-button
                appParameter=""
                ariaLabel=""
                businessId="{{0}}"
                class="custom-class fbm-button fbm-button--default fbm-button--large fbm-button--square "
                data-detail="{{null}}"
                formType=""
                hoverClass="fbm-button--active hover-class"
                id=""
                lang=""
                openType=""
                sendMessageImg=""
                sendMessagePath=""
                sendMessageTitle=""
                sessionFrom=""
                showMessageCard="{{false}}"
                style=""
                bind:contact="onContact"
                bind:error="onError"
                bind:getphonenumber="onGetPhoneNumber"
                bind:getuserinfo="onGetUserInfo"
                bind:launchapp="onLaunchApp"
                bind:opensetting="onOpenSetting"
                bind:tap="onClick"
              >
                <wx-view
                  class="fbm-button__text"
                >
                  <van-icon
                    class="fbm-goods-action-icon__icon"
                    customClass="icon-class"
                  >
                    <wx-view
                      class="custom-class van-icon van-icon-cart-o"
                      style=""
                      bind:tap="onClick"
                    >
                      <fbm-info
                        customClass="van-icon__info"
                      />
                    </wx-view>
                  </van-icon>
                  <wx-text
                    class="text-class"
                  >
                    购物车
                  </wx-text>
                </wx-view>
              </wx-button>
            </fbm-button>
          </fbm-goods-action-icon>
          <fbm-goods-action-button
            bind:click="onClickButton"
          >
            <fbm-button
              class="fbm-goods-action-button fbm-goods-action-button--warning fbm-goods-action-button--first"
              customClass="fbm-goods-action-button__inner"
              bind:click="onClick"
              bind:contact="onContact"
              bind:error="onError"
              bind:getphonenumber="onGetPhoneNumber"
              bind:getuserinfo="onGetUserInfo"
              bind:launchapp="onLaunchApp"
              bind:opensetting="onOpenSetting"
            >
              <wx-button
                appParameter=""
                ariaLabel=""
                businessId="{{0}}"
                class="custom-class fbm-button fbm-button--warning fbm-button--normal "
                data-detail="{{null}}"
                formType=""
                hoverClass="fbm-button--active hover-class"
                id=""
                lang=""
                openType=""
                sendMessageImg=""
                sendMessagePath=""
                sendMessageTitle=""
                sessionFrom=""
                showMessageCard="{{false}}"
                style=""
                bind:contact="onContact"
                bind:error="onError"
                bind:getphonenumber="onGetPhoneNumber"
                bind:getuserinfo="onGetUserInfo"
                bind:launchapp="onLaunchApp"
                bind:opensetting="onOpenSetting"
                bind:tap="onClick"
              >
                <wx-view
                  class="fbm-button__text"
                >
                  
  加入购物车
  
                </wx-view>
              </wx-button>
            </fbm-button>
          </fbm-goods-action-button>
          <fbm-goods-action-button
            bind:click="onClickButton"
          >
            <fbm-button
              class="fbm-goods-action-button fbm-goods-action-button--danger fbm-goods-action-button--last"
              customClass="fbm-goods-action-button__inner"
              bind:click="onClick"
              bind:contact="onContact"
              bind:error="onError"
              bind:getphonenumber="onGetPhoneNumber"
              bind:getuserinfo="onGetUserInfo"
              bind:launchapp="onLaunchApp"
              bind:opensetting="onOpenSetting"
            >
              <wx-button
                appParameter=""
                ariaLabel=""
                businessId="{{0}}"
                class="custom-class fbm-button fbm-button--danger fbm-button--normal "
                data-detail="{{null}}"
                formType=""
                hoverClass="fbm-button--active hover-class"
                id=""
                lang=""
                openType=""
                sendMessageImg=""
                sendMessagePath=""
                sendMessageTitle=""
                sessionFrom=""
                showMessageCard="{{false}}"
                style=""
                bind:contact="onContact"
                bind:error="onError"
                bind:getphonenumber="onGetPhoneNumber"
                bind:getuserinfo="onGetUserInfo"
                bind:launchapp="onLaunchApp"
                bind:opensetting="onOpenSetting"
                bind:tap="onClick"
              >
                <wx-view
                  class="fbm-button__text"
                >
                  
  立即购买
  
                </wx-view>
              </wx-button>
            </fbm-button>
          </fbm-goods-action-button>
        </wx-view>
      </fbm-goods-action>
    </wx-view>
  </demo-block>
  <demo-block>
    <wx-view
      class="custom-class demo-block fbm-clearfix "
    >
      <wx-view
        class="demo-block__title"
      >
        提示信息
      </wx-view>
      <fbm-goods-action
        customClass="goods-action-position"
      >
        <wx-view
          class="custom-class fbm-goods-action"
        >
          <fbm-goods-action-icon>
            <fbm-button
              customClass="fbm-goods-action-icon"
              bind:click="onClick"
              bind:contact="onContact"
              bind:error="onError"
              bind:getphonenumber="onGetPhoneNumber"
              bind:getuserinfo="onGetUserInfo"
              bind:launchapp="onLaunchApp"
              bind:opensetting="onOpenSetting"
            >
              <wx-button
                appParameter=""
                ariaLabel=""
                businessId="{{0}}"
                class="custom-class fbm-button fbm-button--default fbm-button--large fbm-button--square "
                data-detail="{{null}}"
                formType=""
                hoverClass="fbm-button--active hover-class"
                id=""
                lang=""
                openType=""
                sendMessageImg=""
                sendMessagePath=""
                sendMessageTitle=""
                sessionFrom=""
                showMessageCard="{{false}}"
                style=""
                bind:contact="onContact"
                bind:error="onError"
                bind:getphonenumber="onGetPhoneNumber"
                bind:getuserinfo="onGetUserInfo"
                bind:launchapp="onLaunchApp"
                bind:opensetting="onOpenSetting"
                bind:tap="onClick"
              >
                <wx-view
                  class="fbm-button__text"
                >
                  <van-icon
                    class="fbm-goods-action-icon__icon"
                    customClass="icon-class"
                  >
                    <wx-view
                      class="custom-class van-icon van-icon-chat-o"
                      style=""
                      bind:tap="onClick"
                    >
                      <fbm-info
                        customClass="van-icon__info"
                      >
                        <wx-view
                          class="fbm-info fbm-info fbm-info--dot custom-class"
                          style=""
                        >
                          
                        </wx-view>
                      </fbm-info>
                    </wx-view>
                  </van-icon>
                  <wx-text
                    class="text-class"
                  >
                    客服
                  </wx-text>
                </wx-view>
              </wx-button>
            </fbm-button>
          </fbm-goods-action-icon>
          <fbm-goods-action-icon>
            <fbm-button
              customClass="fbm-goods-action-icon"
              bind:click="onClick"
              bind:contact="onContact"
              bind:error="onError"
              bind:getphonenumber="onGetPhoneNumber"
              bind:getuserinfo="onGetUserInfo"
              bind:launchapp="onLaunchApp"
              bind:opensetting="onOpenSetting"
            >
              <wx-button
                appParameter=""
                ariaLabel=""
                businessId="{{0}}"
                class="custom-class fbm-button fbm-button--default fbm-button--large fbm-button--square "
                data-detail="{{null}}"
                formType=""
                hoverClass="fbm-button--active hover-class"
                id=""
                lang=""
                openType=""
                sendMessageImg=""
                sendMessagePath=""
                sendMessageTitle=""
                sessionFrom=""
                showMessageCard="{{false}}"
                style=""
                bind:contact="onContact"
                bind:error="onError"
                bind:getphonenumber="onGetPhoneNumber"
                bind:getuserinfo="onGetUserInfo"
                bind:launchapp="onLaunchApp"
                bind:opensetting="onOpenSetting"
                bind:tap="onClick"
              >
                <wx-view
                  class="fbm-button__text"
                >
                  <van-icon
                    class="fbm-goods-action-icon__icon"
                    customClass="icon-class"
                  >
                    <wx-view
                      class="custom-class van-icon van-icon-cart-o"
                      style=""
                      bind:tap="onClick"
                    >
                      <fbm-info
                        customClass="van-icon__info"
                      >
                        <wx-view
                          class="fbm-info fbm-info custom-class"
                          style=""
                        >
                          5
                        </wx-view>
                      </fbm-info>
                    </wx-view>
                  </van-icon>
                  <wx-text
                    class="text-class"
                  >
                    购物车
                  </wx-text>
                </wx-view>
              </wx-button>
            </fbm-button>
          </fbm-goods-action-icon>
          <fbm-goods-action-icon>
            <fbm-button
              customClass="fbm-goods-action-icon"
              bind:click="onClick"
              bind:contact="onContact"
              bind:error="onError"
              bind:getphonenumber="onGetPhoneNumber"
              bind:getuserinfo="onGetUserInfo"
              bind:launchapp="onLaunchApp"
              bind:opensetting="onOpenSetting"
            >
              <wx-button
                appParameter=""
                ariaLabel=""
                businessId="{{0}}"
                class="custom-class fbm-button fbm-button--default fbm-button--large fbm-button--square "
                data-detail="{{null}}"
                formType=""
                hoverClass="fbm-button--active hover-class"
                id=""
                lang=""
                openType=""
                sendMessageImg=""
                sendMessagePath=""
                sendMessageTitle=""
                sessionFrom=""
                showMessageCard="{{false}}"
                style=""
                bind:contact="onContact"
                bind:error="onError"
                bind:getphonenumber="onGetPhoneNumber"
                bind:getuserinfo="onGetUserInfo"
                bind:launchapp="onLaunchApp"
                bind:opensetting="onOpenSetting"
                bind:tap="onClick"
              >
                <wx-view
                  class="fbm-button__text"
                >
                  <van-icon
                    class="fbm-goods-action-icon__icon"
                    customClass="icon-class"
                  >
                    <wx-view
                      class="custom-class van-icon van-icon-shop-o"
                      style=""
                      bind:tap="onClick"
                    >
                      <fbm-info
                        customClass="van-icon__info"
                      />
                    </wx-view>
                  </van-icon>
                  <wx-text
                    class="text-class"
                  >
                    店铺
                  </wx-text>
                </wx-view>
              </wx-button>
            </fbm-button>
          </fbm-goods-action-icon>
          <fbm-goods-action-button>
            <fbm-button
              class="fbm-goods-action-button fbm-goods-action-button--warning fbm-goods-action-button--first"
              customClass="fbm-goods-action-button__inner"
              bind:click="onClick"
              bind:contact="onContact"
              bind:error="onError"
              bind:getphonenumber="onGetPhoneNumber"
              bind:getuserinfo="onGetUserInfo"
              bind:launchapp="onLaunchApp"
              bind:opensetting="onOpenSetting"
            >
              <wx-button
                appParameter=""
                ariaLabel=""
                businessId="{{0}}"
                class="custom-class fbm-button fbm-button--warning fbm-button--normal "
                data-detail="{{null}}"
                formType=""
                hoverClass="fbm-button--active hover-class"
                id=""
                lang=""
                openType=""
                sendMessageImg=""
                sendMessagePath=""
                sendMessageTitle=""
                sessionFrom=""
                showMessageCard="{{false}}"
                style=""
                bind:contact="onContact"
                bind:error="onError"
                bind:getphonenumber="onGetPhoneNumber"
                bind:getuserinfo="onGetUserInfo"
                bind:launchapp="onLaunchApp"
                bind:opensetting="onOpenSetting"
                bind:tap="onClick"
              >
                <wx-view
                  class="fbm-button__text"
                >
                  
  加入购物车
  
                </wx-view>
              </wx-button>
            </fbm-button>
          </fbm-goods-action-button>
          <fbm-goods-action-button>
            <fbm-button
              class="fbm-goods-action-button fbm-goods-action-button--danger fbm-goods-action-button--last"
              customClass="fbm-goods-action-button__inner"
              bind:click="onClick"
              bind:contact="onContact"
              bind:error="onError"
              bind:getphonenumber="onGetPhoneNumber"
              bind:getuserinfo="onGetUserInfo"
              bind:launchapp="onLaunchApp"
              bind:opensetting="onOpenSetting"
            >
              <wx-button
                appParameter=""
                ariaLabel=""
                businessId="{{0}}"
                class="custom-class fbm-button fbm-button--danger fbm-button--normal "
                data-detail="{{null}}"
                formType=""
                hoverClass="fbm-button--active hover-class"
                id=""
                lang=""
                openType=""
                sendMessageImg=""
                sendMessagePath=""
                sendMessageTitle=""
                sessionFrom=""
                showMessageCard="{{false}}"
                style=""
                bind:contact="onContact"
                bind:error="onError"
                bind:getphonenumber="onGetPhoneNumber"
                bind:getuserinfo="onGetUserInfo"
                bind:launchapp="onLaunchApp"
                bind:opensetting="onOpenSetting"
                bind:tap="onClick"
              >
                <wx-view
                  class="fbm-button__text"
                >
                  
  立即购买
  
                </wx-view>
              </wx-button>
            </fbm-button>
          </fbm-goods-action-button>
        </wx-view>
      </fbm-goods-action>
    </wx-view>
  </demo-block>
  <demo-block>
    <wx-view
      class="custom-class demo-block fbm-clearfix "
    >
      <wx-view
        class="demo-block__title"
      >
        自定义按钮颜色
      </wx-view>
      <fbm-goods-action
        customClass="goods-action-position"
      >
        <wx-view
          class="custom-class fbm-goods-action"
        >
          <fbm-goods-action-icon>
            <fbm-button
              customClass="fbm-goods-action-icon"
              bind:click="onClick"
              bind:contact="onContact"
              bind:error="onError"
              bind:getphonenumber="onGetPhoneNumber"
              bind:getuserinfo="onGetUserInfo"
              bind:launchapp="onLaunchApp"
              bind:opensetting="onOpenSetting"
            >
              <wx-button
                appParameter=""
                ariaLabel=""
                businessId="{{0}}"
                class="custom-class fbm-button fbm-button--default fbm-button--large fbm-button--square "
                data-detail="{{null}}"
                formType=""
                hoverClass="fbm-button--active hover-class"
                id=""
                lang=""
                openType=""
                sendMessageImg=""
                sendMessagePath=""
                sendMessageTitle=""
                sessionFrom=""
                showMessageCard="{{false}}"
                style=""
                bind:contact="onContact"
                bind:error="onError"
                bind:getphonenumber="onGetPhoneNumber"
                bind:getuserinfo="onGetUserInfo"
                bind:launchapp="onLaunchApp"
                bind:opensetting="onOpenSetting"
                bind:tap="onClick"
              >
                <wx-view
                  class="fbm-button__text"
                >
                  <van-icon
                    class="fbm-goods-action-icon__icon"
                    customClass="icon-class"
                  >
                    <wx-view
                      class="custom-class van-icon van-icon-chat-o"
                      style=""
                      bind:tap="onClick"
                    >
                      <fbm-info
                        customClass="van-icon__info"
                      />
                    </wx-view>
                  </van-icon>
                  <wx-text
                    class="text-class"
                  >
                    客服
                  </wx-text>
                </wx-view>
              </wx-button>
            </fbm-button>
          </fbm-goods-action-icon>
          <fbm-goods-action-icon>
            <fbm-button
              customClass="fbm-goods-action-icon"
              bind:click="onClick"
              bind:contact="onContact"
              bind:error="onError"
              bind:getphonenumber="onGetPhoneNumber"
              bind:getuserinfo="onGetUserInfo"
              bind:launchapp="onLaunchApp"
              bind:opensetting="onOpenSetting"
            >
              <wx-button
                appParameter=""
                ariaLabel=""
                businessId="{{0}}"
                class="custom-class fbm-button fbm-button--default fbm-button--large fbm-button--square "
                data-detail="{{null}}"
                formType=""
                hoverClass="fbm-button--active hover-class"
                id=""
                lang=""
                openType=""
                sendMessageImg=""
                sendMessagePath=""
                sendMessageTitle=""
                sessionFrom=""
                showMessageCard="{{false}}"
                style=""
                bind:contact="onContact"
                bind:error="onError"
                bind:getphonenumber="onGetPhoneNumber"
                bind:getuserinfo="onGetUserInfo"
                bind:launchapp="onLaunchApp"
                bind:opensetting="onOpenSetting"
                bind:tap="onClick"
              >
                <wx-view
                  class="fbm-button__text"
                >
                  <van-icon
                    class="fbm-goods-action-icon__icon"
                    customClass="icon-class"
                  >
                    <wx-view
                      class="custom-class van-icon van-icon-shop-o"
                      style=""
                      bind:tap="onClick"
                    >
                      <fbm-info
                        customClass="van-icon__info"
                      />
                    </wx-view>
                  </van-icon>
                  <wx-text
                    class="text-class"
                  >
                    店铺
                  </wx-text>
                </wx-view>
              </wx-button>
            </fbm-button>
          </fbm-goods-action-icon>
          <fbm-goods-action-button>
            <fbm-button
              class="fbm-goods-action-button fbm-goods-action-button--warning fbm-goods-action-button--first"
              customClass="fbm-goods-action-button__inner"
              bind:click="onClick"
              bind:contact="onContact"
              bind:error="onError"
              bind:getphonenumber="onGetPhoneNumber"
              bind:getuserinfo="onGetUserInfo"
              bind:launchapp="onLaunchApp"
              bind:opensetting="onOpenSetting"
            >
              <wx-button
                appParameter=""
                ariaLabel=""
                businessId="{{0}}"
                class="custom-class fbm-button fbm-button--warning fbm-button--normal "
                data-detail="{{null}}"
                formType=""
                hoverClass="fbm-button--active hover-class"
                id=""
                lang=""
                openType=""
                sendMessageImg=""
                sendMessagePath=""
                sendMessageTitle=""
                sessionFrom=""
                showMessageCard="{{false}}"
                style="color:#fff;background:#be99ff;border-color:#be99ff"
                bind:contact="onContact"
                bind:error="onError"
                bind:getphonenumber="onGetPhoneNumber"
                bind:getuserinfo="onGetUserInfo"
                bind:launchapp="onLaunchApp"
                bind:opensetting="onOpenSetting"
                bind:tap="onClick"
              >
                <wx-view
                  class="fbm-button__text"
                >
                  
  加入购物车
  
                </wx-view>
              </wx-button>
            </fbm-button>
          </fbm-goods-action-button>
          <fbm-goods-action-button>
            <fbm-button
              class="fbm-goods-action-button fbm-goods-action-button--danger fbm-goods-action-button--last"
              customClass="fbm-goods-action-button__inner"
              bind:click="onClick"
              bind:contact="onContact"
              bind:error="onError"
              bind:getphonenumber="onGetPhoneNumber"
              bind:getuserinfo="onGetUserInfo"
              bind:launchapp="onLaunchApp"
              bind:opensetting="onOpenSetting"
            >
              <wx-button
                appParameter=""
                ariaLabel=""
                businessId="{{0}}"
                class="custom-class fbm-button fbm-button--danger fbm-button--normal "
                data-detail="{{null}}"
                formType=""
                hoverClass="fbm-button--active hover-class"
                id=""
                lang=""
                openType=""
                sendMessageImg=""
                sendMessagePath=""
                sendMessageTitle=""
                sessionFrom=""
                showMessageCard="{{false}}"
                style="color:#fff;background:#7232dd;border-color:#7232dd"
                bind:contact="onContact"
                bind:error="onError"
                bind:getphonenumber="onGetPhoneNumber"
                bind:getuserinfo="onGetUserInfo"
                bind:launchapp="onLaunchApp"
                bind:opensetting="onOpenSetting"
                bind:tap="onClick"
              >
                <wx-view
                  class="fbm-button__text"
                >
                  
  立即购买
  
                </wx-view>
              </wx-button>
            </fbm-button>
          </fbm-goods-action-button>
        </wx-view>
      </fbm-goods-action>
    </wx-view>
  </demo-block>
  <demo-block>
    <wx-view
      class="custom-class demo-block fbm-clearfix "
    >
      <wx-view
        class="demo-block__title"
      >
        朴素按钮
      </wx-view>
      <fbm-goods-action
        customClass="goods-action-position"
      >
        <wx-view
          class="custom-class fbm-goods-action"
        >
          <fbm-goods-action-icon>
            <fbm-button
              customClass="fbm-goods-action-icon"
              bind:click="onClick"
              bind:contact="onContact"
              bind:error="onError"
              bind:getphonenumber="onGetPhoneNumber"
              bind:getuserinfo="onGetUserInfo"
              bind:launchapp="onLaunchApp"
              bind:opensetting="onOpenSetting"
            >
              <wx-button
                appParameter=""
                ariaLabel=""
                businessId="{{0}}"
                class="custom-class fbm-button fbm-button--default fbm-button--large fbm-button--square "
                data-detail="{{null}}"
                formType=""
                hoverClass="fbm-button--active hover-class"
                id=""
                lang=""
                openType=""
                sendMessageImg=""
                sendMessagePath=""
                sendMessageTitle=""
                sessionFrom=""
                showMessageCard="{{false}}"
                style=""
                bind:contact="onContact"
                bind:error="onError"
                bind:getphonenumber="onGetPhoneNumber"
                bind:getuserinfo="onGetUserInfo"
                bind:launchapp="onLaunchApp"
                bind:opensetting="onOpenSetting"
                bind:tap="onClick"
              >
                <wx-view
                  class="fbm-button__text"
                >
                  <van-icon
                    class="fbm-goods-action-icon__icon"
                    customClass="icon-class"
                  >
                    <wx-view
                      class="custom-class van-icon van-icon-chat-o"
                      style=""
                      bind:tap="onClick"
                    >
                      <fbm-info
                        customClass="van-icon__info"
                      />
                    </wx-view>
                  </van-icon>
                  <wx-text
                    class="text-class"
                  >
                    客服
                  </wx-text>
                </wx-view>
              </wx-button>
            </fbm-button>
          </fbm-goods-action-icon>
          <fbm-goods-action-icon>
            <fbm-button
              customClass="fbm-goods-action-icon"
              bind:click="onClick"
              bind:contact="onContact"
              bind:error="onError"
              bind:getphonenumber="onGetPhoneNumber"
              bind:getuserinfo="onGetUserInfo"
              bind:launchapp="onLaunchApp"
              bind:opensetting="onOpenSetting"
            >
              <wx-button
                appParameter=""
                ariaLabel=""
                businessId="{{0}}"
                class="custom-class fbm-button fbm-button--default fbm-button--large fbm-button--square "
                data-detail="{{null}}"
                formType=""
                hoverClass="fbm-button--active hover-class"
                id=""
                lang=""
                openType=""
                sendMessageImg=""
                sendMessagePath=""
                sendMessageTitle=""
                sessionFrom=""
                showMessageCard="{{false}}"
                style=""
                bind:contact="onContact"
                bind:error="onError"
                bind:getphonenumber="onGetPhoneNumber"
                bind:getuserinfo="onGetUserInfo"
                bind:launchapp="onLaunchApp"
                bind:opensetting="onOpenSetting"
                bind:tap="onClick"
              >
                <wx-view
                  class="fbm-button__text"
                >
                  <van-icon
                    class="fbm-goods-action-icon__icon"
                    customClass="icon-class"
                  >
                    <wx-view
                      class="custom-class van-icon van-icon-shop-o"
                      style=""
                      bind:tap="onClick"
                    >
                      <fbm-info
                        customClass="van-icon__info"
                      />
                    </wx-view>
                  </van-icon>
                  <wx-text
                    class="text-class"
                  >
                    店铺
                  </wx-text>
                </wx-view>
              </wx-button>
            </fbm-button>
          </fbm-goods-action-icon>
          <fbm-goods-action-button>
            <fbm-button
              class="fbm-goods-action-button fbm-goods-action-button--warning fbm-goods-action-button--first"
              customClass="fbm-goods-action-button__inner"
              bind:click="onClick"
              bind:contact="onContact"
              bind:error="onError"
              bind:getphonenumber="onGetPhoneNumber"
              bind:getuserinfo="onGetUserInfo"
              bind:launchapp="onLaunchApp"
              bind:opensetting="onOpenSetting"
            >
              <wx-button
                appParameter=""
                ariaLabel=""
                businessId="{{0}}"
                class="custom-class fbm-button fbm-button--warning fbm-button--normal "
                data-detail="{{null}}"
                formType=""
                hoverClass="fbm-button--active hover-class"
                id=""
                lang=""
                openType=""
                sendMessageImg=""
                sendMessagePath=""
                sendMessageTitle=""
                sessionFrom=""
                showMessageCard="{{false}}"
                style="color:#fff;background:#7232dd;border-color:#7232dd"
                bind:contact="onContact"
                bind:error="onError"
                bind:getphonenumber="onGetPhoneNumber"
                bind:getuserinfo="onGetUserInfo"
                bind:launchapp="onLaunchApp"
                bind:opensetting="onOpenSetting"
                bind:tap="onClick"
              >
                <wx-view
                  class="fbm-button__text"
                >
                  
  加入购物车
  
                </wx-view>
              </wx-button>
            </fbm-button>
          </fbm-goods-action-button>
          <fbm-goods-action-button>
            <fbm-button
              class="fbm-goods-action-button fbm-goods-action-button--danger fbm-goods-action-button--last fbm-goods-action-button--plain"
              customClass="fbm-goods-action-button__inner"
              bind:click="onClick"
              bind:contact="onContact"
              bind:error="onError"
              bind:getphonenumber="onGetPhoneNumber"
              bind:getuserinfo="onGetUserInfo"
              bind:launchapp="onLaunchApp"
              bind:opensetting="onOpenSetting"
            >
              <wx-button
                appParameter=""
                ariaLabel=""
                businessId="{{0}}"
                class="custom-class fbm-button fbm-button--danger fbm-button--normal fbm-button--plain "
                data-detail="{{null}}"
                formType=""
                hoverClass="fbm-button--active hover-class"
                id=""
                lang=""
                openType=""
                sendMessageImg=""
                sendMessagePath=""
                sendMessageTitle=""
                sessionFrom=""
                showMessageCard="{{false}}"
                style="color:#7232dd;border-color:#7232dd"
                bind:contact="onContact"
                bind:error="onError"
                bind:getphonenumber="onGetPhoneNumber"
                bind:getuserinfo="onGetUserInfo"
                bind:launchapp="onLaunchApp"
                bind:opensetting="onOpenSetting"
                bind:tap="onClick"
              >
                <wx-view
                  class="fbm-button__text"
                >
                  
  立即购买
  
                </wx-view>
              </wx-button>
            </fbm-button>
          </fbm-goods-action-button>
        </wx-view>
      </fbm-goods-action>
    </wx-view>
  </demo-block>
  <fbm-toast
    id="fbm-toast"
  >
    <fbm-transition
      customClass="fbm-toast__container"
    />
  </fbm-toast>
</main>
`;
