// Jest Snapshot v1, https://goo.gl/fbAQLP

exports[`should render demo and match snapshot 1`] = `
<main>
  <demo-block>
    <wx-view
      class="custom-class demo-block fbm-clearfix "
    >
      <wx-view
        class="demo-block__title"
      >
        基础用法
      </wx-view>
      <fbm-panel>
        <wx-view
          class="fbm-panel fbm-hairline--top-bottom custom-class"
        >
          <fbm-cell
            customClass="header-class"
            valueClass="fbm-panel__header-value"
          >
            <wx-view
              class="custom-class fbm-cell"
              hoverClass="fbm-cell--hover hover-class"
              hoverStayTime="70"
              style=""
              bind:tap="onClick"
            >
              <wx-view
                class="fbm-cell__title title-class"
                style=""
              >
                标题
                <wx-view
                  class="fbm-cell__label label-class"
                >
                  描述信息
                </wx-view>
              </wx-view>
              <wx-view
                class="fbm-cell__value value-class"
              >
                状态
              </wx-view>
            </wx-view>
          </fbm-cell>
          <wx-view
            class="fbm-panel__content"
          >
            <wx-view
              class="content"
            >
              内容
            </wx-view>
          </wx-view>
          <wx-view
            class="fbm-panel__footer fbm-hairline--top footer-class"
          />
        </wx-view>
      </fbm-panel>
    </wx-view>
  </demo-block>
  <demo-block>
    <wx-view
      class="custom-class demo-block fbm-clearfix "
    >
      <wx-view
        class="demo-block__title"
      >
        高级用法
      </wx-view>
      <fbm-panel
        useFooterSlot="{{true}}"
      >
        <wx-view
          class="fbm-panel fbm-hairline--top-bottom custom-class"
        >
          <fbm-cell
            customClass="header-class"
            valueClass="fbm-panel__header-value"
          >
            <wx-view
              class="custom-class fbm-cell"
              hoverClass="fbm-cell--hover hover-class"
              hoverStayTime="70"
              style=""
              bind:tap="onClick"
            >
              <wx-view
                class="fbm-cell__title title-class"
                style=""
              >
                标题
                <wx-view
                  class="fbm-cell__label label-class"
                >
                  描述信息
                </wx-view>
              </wx-view>
              <wx-view
                class="fbm-cell__value value-class"
              >
                状态
              </wx-view>
            </wx-view>
          </fbm-cell>
          <wx-view
            class="fbm-panel__content"
          >
            <wx-view
              class="content"
            >
              内容
            </wx-view>
          </wx-view>
          <wx-view
            class="fbm-panel__footer fbm-hairline--top footer-class"
          >
            <wx-view
              class="footer"
              slot="footer"
            >
              <fbm-button
                class="demo-margin-right"
              >
                <wx-button
                  appParameter=""
                  ariaLabel=""
                  businessId="{{0}}"
                  class="custom-class fbm-button fbm-button--default fbm-button--small "
                  data-detail="{{null}}"
                  formType=""
                  hoverClass="fbm-button--active hover-class"
                  id=""
                  lang=""
                  openType=""
                  sendMessageImg=""
                  sendMessagePath=""
                  sendMessageTitle=""
                  sessionFrom=""
                  showMessageCard="{{false}}"
                  style=""
                  bind:contact="onContact"
                  bind:error="onError"
                  bind:getphonenumber="onGetPhoneNumber"
                  bind:getuserinfo="onGetUserInfo"
                  bind:launchapp="onLaunchApp"
                  bind:opensetting="onOpenSetting"
                  bind:tap="onClick"
                >
                  <wx-view
                    class="fbm-button__text"
                  >
                    按钮
                  </wx-view>
                </wx-button>
              </fbm-button>
              <fbm-button>
                <wx-button
                  appParameter=""
                  ariaLabel=""
                  businessId="{{0}}"
                  class="custom-class fbm-button fbm-button--danger fbm-button--small "
                  data-detail="{{null}}"
                  formType=""
                  hoverClass="fbm-button--active hover-class"
                  id=""
                  lang=""
                  openType=""
                  sendMessageImg=""
                  sendMessagePath=""
                  sendMessageTitle=""
                  sessionFrom=""
                  showMessageCard="{{false}}"
                  style=""
                  bind:contact="onContact"
                  bind:error="onError"
                  bind:getphonenumber="onGetPhoneNumber"
                  bind:getuserinfo="onGetUserInfo"
                  bind:launchapp="onLaunchApp"
                  bind:opensetting="onOpenSetting"
                  bind:tap="onClick"
                >
                  <wx-view
                    class="fbm-button__text"
                  >
                    按钮
                  </wx-view>
                </wx-button>
              </fbm-button>
            </wx-view>
          </wx-view>
        </wx-view>
      </fbm-panel>
    </wx-view>
  </demo-block>
</main>
`;
