// Jest Snapshot v1, https://goo.gl/fbAQLP

exports[`should render demo and match snapshot 1`] = `
<main>
  <demo-block>
    <wx-view
      class="custom-class demo-block fbm-clearfix demo-block--padding"
    >
      <wx-view
        class="demo-block__title"
      >
        基础用法
      </wx-view>
      <fbm-button
        bind:click="onClickShow"
      >
        <wx-button
          appParameter=""
          ariaLabel=""
          businessId="{{0}}"
          class="custom-class fbm-button fbm-button--primary fbm-button--normal "
          data-detail="{{null}}"
          formType=""
          hoverClass="fbm-button--active hover-class"
          id=""
          lang=""
          openType=""
          sendMessageImg=""
          sendMessagePath=""
          sendMessageTitle=""
          sessionFrom=""
          showMessageCard="{{false}}"
          style=""
          bind:contact="onContact"
          bind:error="onError"
          bind:getphonenumber="onGetPhoneNumber"
          bind:getuserinfo="onGetUserInfo"
          bind:launchapp="onLaunchApp"
          bind:opensetting="onOpenSetting"
          bind:tap="onClick"
        >
          <wx-view
            class="fbm-button__text"
          >
            
    显示遮罩层
  
          </wx-view>
        </wx-button>
      </fbm-button>
      <fbm-overlay
        bind:click="onClickHide"
      >
        <fbm-transition
          customClass="fbm-overlay"
          bind:tap="onClick"
          catch:touchmove="noop"
        />
      </fbm-overlay>
    </wx-view>
  </demo-block>
  <demo-block>
    <wx-view
      class="custom-class demo-block fbm-clearfix demo-block--padding"
    >
      <wx-view
        class="demo-block__title"
      >
        嵌入内容
      </wx-view>
      <fbm-button
        bind:click="onClickShowEmbedded"
      >
        <wx-button
          appParameter=""
          ariaLabel=""
          businessId="{{0}}"
          class="custom-class fbm-button fbm-button--primary fbm-button--normal "
          data-detail="{{null}}"
          formType=""
          hoverClass="fbm-button--active hover-class"
          id=""
          lang=""
          openType=""
          sendMessageImg=""
          sendMessagePath=""
          sendMessageTitle=""
          sessionFrom=""
          showMessageCard="{{false}}"
          style=""
          bind:contact="onContact"
          bind:error="onError"
          bind:getphonenumber="onGetPhoneNumber"
          bind:getuserinfo="onGetUserInfo"
          bind:launchapp="onLaunchApp"
          bind:opensetting="onOpenSetting"
          bind:tap="onClick"
        >
          <wx-view
            class="fbm-button__text"
          >
            
    嵌入内容
  
          </wx-view>
        </wx-button>
      </fbm-button>
      <fbm-overlay
        bind:click="onClickHideEmbedded"
      >
        <fbm-transition
          customClass="fbm-overlay"
          bind:tap="onClick"
          catch:touchmove="noop"
        />
      </fbm-overlay>
    </wx-view>
  </demo-block>
</main>
`;
