// Jest Snapshot v1, https://goo.gl/fbAQLP

exports[`should render demo and match snapshot 1`] = `
<main>
  <demo-block>
    <wx-view
      class="custom-class demo-block fbm-clearfix "
    >
      <wx-view
        class="demo-block__title"
      >
        基础用法
      </wx-view>
      <fbm-cell
        bind:click="showBasic"
      >
        <wx-view
          class="custom-class fbm-cell fbm-cell--clickable"
          hoverClass="fbm-cell--hover hover-class"
          hoverStayTime="70"
          style=""
          bind:tap="onClick"
        >
          <wx-view
            class="fbm-cell__title title-class"
            style=""
          >
            展示弹出层
          </wx-view>
          <wx-view
            class="fbm-cell__value value-class"
          />
          <van-icon
            class="fbm-cell__right-icon-wrap right-icon-class"
            customClass="fbm-cell__right-icon"
          >
            <wx-view
              class="custom-class van-icon van-icon-arrow"
              style=""
              bind:tap="onClick"
            />
          </van-icon>
        </wx-view>
      </fbm-cell>
      <fbm-popup
        bind:close="hideBasic"
      >
        <fbm-overlay
          bind:click="onClickOverlay"
        >
          <fbm-transition
            customClass="fbm-overlay"
            bind:tap="onClick"
            catch:touchmove="noop"
          />
        </fbm-overlay>
      </fbm-popup>
    </wx-view>
  </demo-block>
  <demo-block>
    <wx-view
      class="custom-class demo-block fbm-clearfix "
    >
      <wx-view
        class="demo-block__title"
      >
        弹出位置
      </wx-view>
      <fbm-cell
        bind:click="showTop"
      >
        <wx-view
          class="custom-class fbm-cell fbm-cell--clickable"
          hoverClass="fbm-cell--hover hover-class"
          hoverStayTime="70"
          style=""
          bind:tap="onClick"
        >
          <wx-view
            class="fbm-cell__title title-class"
            style=""
          >
            顶部弹出
          </wx-view>
          <wx-view
            class="fbm-cell__value value-class"
          />
          <van-icon
            class="fbm-cell__right-icon-wrap right-icon-class"
            customClass="fbm-cell__right-icon"
          >
            <wx-view
              class="custom-class van-icon van-icon-arrow"
              style=""
              bind:tap="onClick"
            />
          </van-icon>
        </wx-view>
      </fbm-cell>
      <fbm-cell
        bind:click="showBottom"
      >
        <wx-view
          class="custom-class fbm-cell fbm-cell--clickable"
          hoverClass="fbm-cell--hover hover-class"
          hoverStayTime="70"
          style=""
          bind:tap="onClick"
        >
          <wx-view
            class="fbm-cell__title title-class"
            style=""
          >
            底部弹出
          </wx-view>
          <wx-view
            class="fbm-cell__value value-class"
          />
          <van-icon
            class="fbm-cell__right-icon-wrap right-icon-class"
            customClass="fbm-cell__right-icon"
          >
            <wx-view
              class="custom-class van-icon van-icon-arrow"
              style=""
              bind:tap="onClick"
            />
          </van-icon>
        </wx-view>
      </fbm-cell>
      <fbm-cell
        bind:click="showLeft"
      >
        <wx-view
          class="custom-class fbm-cell fbm-cell--clickable"
          hoverClass="fbm-cell--hover hover-class"
          hoverStayTime="70"
          style=""
          bind:tap="onClick"
        >
          <wx-view
            class="fbm-cell__title title-class"
            style=""
          >
            左侧弹出
          </wx-view>
          <wx-view
            class="fbm-cell__value value-class"
          />
          <van-icon
            class="fbm-cell__right-icon-wrap right-icon-class"
            customClass="fbm-cell__right-icon"
          >
            <wx-view
              class="custom-class van-icon van-icon-arrow"
              style=""
              bind:tap="onClick"
            />
          </van-icon>
        </wx-view>
      </fbm-cell>
      <fbm-cell
        bind:click="showRight"
      >
        <wx-view
          class="custom-class fbm-cell fbm-cell--clickable"
          hoverClass="fbm-cell--hover hover-class"
          hoverStayTime="70"
          style=""
          bind:tap="onClick"
        >
          <wx-view
            class="fbm-cell__title title-class"
            style=""
          >
            右侧弹出
          </wx-view>
          <wx-view
            class="fbm-cell__value value-class"
          />
          <van-icon
            class="fbm-cell__right-icon-wrap right-icon-class"
            customClass="fbm-cell__right-icon"
          >
            <wx-view
              class="custom-class van-icon van-icon-arrow"
              style=""
              bind:tap="onClick"
            />
          </van-icon>
        </wx-view>
      </fbm-cell>
      <fbm-popup
        bind:close="hideTop"
      >
        <fbm-overlay
          bind:click="onClickOverlay"
        >
          <fbm-transition
            customClass="fbm-overlay"
            bind:tap="onClick"
            catch:touchmove="noop"
          />
        </fbm-overlay>
      </fbm-popup>
      <fbm-popup
        bind:close="hideBottom"
      >
        <fbm-overlay
          bind:click="onClickOverlay"
        >
          <fbm-transition
            customClass="fbm-overlay"
            bind:tap="onClick"
            catch:touchmove="noop"
          />
        </fbm-overlay>
      </fbm-popup>
      <fbm-popup
        bind:close="hideLeft"
      >
        <fbm-overlay
          bind:click="onClickOverlay"
        >
          <fbm-transition
            customClass="fbm-overlay"
            bind:tap="onClick"
            catch:touchmove="noop"
          />
        </fbm-overlay>
      </fbm-popup>
      <fbm-popup
        bind:close="hideRight"
      >
        <fbm-overlay
          bind:click="onClickOverlay"
        >
          <fbm-transition
            customClass="fbm-overlay"
            bind:tap="onClick"
            catch:touchmove="noop"
          />
        </fbm-overlay>
      </fbm-popup>
    </wx-view>
  </demo-block>
  <demo-block>
    <wx-view
      class="custom-class demo-block fbm-clearfix "
    >
      <wx-view
        class="demo-block__title"
      >
        关闭图标
      </wx-view>
      <fbm-cell
        bind:click="showCloseIcon"
      >
        <wx-view
          class="custom-class fbm-cell fbm-cell--clickable"
          hoverClass="fbm-cell--hover hover-class"
          hoverStayTime="70"
          style=""
          bind:tap="onClick"
        >
          <wx-view
            class="fbm-cell__title title-class"
            style=""
          >
            关闭图标
          </wx-view>
          <wx-view
            class="fbm-cell__value value-class"
          />
          <van-icon
            class="fbm-cell__right-icon-wrap right-icon-class"
            customClass="fbm-cell__right-icon"
          >
            <wx-view
              class="custom-class van-icon van-icon-arrow"
              style=""
              bind:tap="onClick"
            />
          </van-icon>
        </wx-view>
      </fbm-cell>
      <fbm-cell
        bind:click="showCustomCloseIcon"
      >
        <wx-view
          class="custom-class fbm-cell fbm-cell--clickable"
          hoverClass="fbm-cell--hover hover-class"
          hoverStayTime="70"
          style=""
          bind:tap="onClick"
        >
          <wx-view
            class="fbm-cell__title title-class"
            style=""
          >
            自定义图标
          </wx-view>
          <wx-view
            class="fbm-cell__value value-class"
          />
          <van-icon
            class="fbm-cell__right-icon-wrap right-icon-class"
            customClass="fbm-cell__right-icon"
          >
            <wx-view
              class="custom-class van-icon van-icon-arrow"
              style=""
              bind:tap="onClick"
            />
          </van-icon>
        </wx-view>
      </fbm-cell>
      <fbm-cell
        bind:click="showCustomIconPosition"
      >
        <wx-view
          class="custom-class fbm-cell fbm-cell--clickable"
          hoverClass="fbm-cell--hover hover-class"
          hoverStayTime="70"
          style=""
          bind:tap="onClick"
        >
          <wx-view
            class="fbm-cell__title title-class"
            style=""
          >
            图标位置
          </wx-view>
          <wx-view
            class="fbm-cell__value value-class"
          />
          <van-icon
            class="fbm-cell__right-icon-wrap right-icon-class"
            customClass="fbm-cell__right-icon"
          >
            <wx-view
              class="custom-class van-icon van-icon-arrow"
              style=""
              bind:tap="onClick"
            />
          </van-icon>
        </wx-view>
      </fbm-cell>
      <fbm-popup
        bind:close="hideCloseIcon"
      >
        <fbm-overlay
          bind:click="onClickOverlay"
        >
          <fbm-transition
            customClass="fbm-overlay"
            bind:tap="onClick"
            catch:touchmove="noop"
          />
        </fbm-overlay>
      </fbm-popup>
      <fbm-popup
        bind:close="hideCustomCloseIcon"
      >
        <fbm-overlay
          bind:click="onClickOverlay"
        >
          <fbm-transition
            customClass="fbm-overlay"
            bind:tap="onClick"
            catch:touchmove="noop"
          />
        </fbm-overlay>
      </fbm-popup>
      <fbm-popup
        bind:close="hideCustomIconPosition"
      >
        <fbm-overlay
          bind:click="onClickOverlay"
        >
          <fbm-transition
            customClass="fbm-overlay"
            bind:tap="onClick"
            catch:touchmove="noop"
          />
        </fbm-overlay>
      </fbm-popup>
    </wx-view>
  </demo-block>
  <demo-block>
    <wx-view
      class="custom-class demo-block fbm-clearfix "
    >
      <wx-view
        class="demo-block__title"
      >
        圆角弹窗
      </wx-view>
      <fbm-cell
        bind:click="showRound"
      >
        <wx-view
          class="custom-class fbm-cell fbm-cell--clickable"
          hoverClass="fbm-cell--hover hover-class"
          hoverStayTime="70"
          style=""
          bind:tap="onClick"
        >
          <wx-view
            class="fbm-cell__title title-class"
            style=""
          >
            圆角弹窗
          </wx-view>
          <wx-view
            class="fbm-cell__value value-class"
          />
          <van-icon
            class="fbm-cell__right-icon-wrap right-icon-class"
            customClass="fbm-cell__right-icon"
          >
            <wx-view
              class="custom-class van-icon van-icon-arrow"
              style=""
              bind:tap="onClick"
            />
          </van-icon>
        </wx-view>
      </fbm-cell>
      <fbm-popup
        bind:close="hideRound"
      >
        <fbm-overlay
          bind:click="onClickOverlay"
        >
          <fbm-transition
            customClass="fbm-overlay"
            bind:tap="onClick"
            catch:touchmove="noop"
          />
        </fbm-overlay>
      </fbm-popup>
    </wx-view>
  </demo-block>
</main>
`;
