// Jest Snapshot v1, https://goo.gl/fbAQLP

exports[`should render demo and match snapshot 1`] = `
<main>
  <demo-block>
    <wx-view
      class="custom-class demo-block fbm-clearfix demo-block--padding"
    >
      <wx-view
        class="demo-block__title"
      >
        提示弹窗
      </wx-view>
      <wx-view
        class="demo-block__card"
      >
        <fbm-cell
          bind:click="onClickAlert"
        >
          <wx-view
            class="custom-class fbm-cell fbm-cell--clickable"
            hoverClass="fbm-cell--hover hover-class"
            hoverStayTime="70"
            style=""
            bind:tap="onClick"
          >
            <wx-view
              class="fbm-cell__title title-class"
              style=""
            >
              提示弹窗
            </wx-view>
            <wx-view
              class="fbm-cell__value value-class"
            />
            <van-icon
              class="fbm-cell__right-icon-wrap right-icon-class"
              customClass="fbm-cell__right-icon"
            >
              <wx-view
                class="custom-class van-icon van-icon-arrow"
                style=""
                bind:tap="onClick"
              />
            </van-icon>
          </wx-view>
        </fbm-cell>
        <fbm-cell
          bind:click="onClickAlert2"
        >
          <wx-view
            class="custom-class fbm-cell fbm-cell--clickable"
            hoverClass="fbm-cell--hover hover-class"
            hoverStayTime="70"
            style=""
            bind:tap="onClick"
          >
            <wx-view
              class="fbm-cell__title title-class"
              style=""
            >
              提示弹窗（无标题）
            </wx-view>
            <wx-view
              class="fbm-cell__value value-class"
            />
            <van-icon
              class="fbm-cell__right-icon-wrap right-icon-class"
              customClass="fbm-cell__right-icon"
            >
              <wx-view
                class="custom-class van-icon van-icon-arrow"
                style=""
                bind:tap="onClick"
              />
            </van-icon>
          </wx-view>
        </fbm-cell>
        <fbm-cell
          bind:click="onClickConfirm"
        >
          <wx-view
            class="custom-class fbm-cell fbm-cell--clickable"
            hoverClass="fbm-cell--hover hover-class"
            hoverStayTime="70"
            style=""
            bind:tap="onClick"
          >
            <wx-view
              class="fbm-cell__title title-class"
              style=""
            >
              确认弹窗
            </wx-view>
            <wx-view
              class="fbm-cell__value value-class"
            />
            <van-icon
              class="fbm-cell__right-icon-wrap right-icon-class"
              customClass="fbm-cell__right-icon"
            >
              <wx-view
                class="custom-class van-icon van-icon-arrow"
                style=""
                bind:tap="onClick"
              />
            </van-icon>
          </wx-view>
        </fbm-cell>
      </wx-view>
    </wx-view>
  </demo-block>
  <demo-block>
    <wx-view
      class="custom-class demo-block fbm-clearfix demo-block--padding"
    >
      <wx-view
        class="demo-block__title"
      >
        圆角按钮样式
      </wx-view>
      <wx-view
        class="demo-block__card"
      >
        <fbm-cell
          bind:click="onClickThemeAlert"
        >
          <wx-view
            class="custom-class fbm-cell fbm-cell--clickable"
            hoverClass="fbm-cell--hover hover-class"
            hoverStayTime="70"
            style=""
            bind:tap="onClick"
          >
            <wx-view
              class="fbm-cell__title title-class"
              style=""
            >
              提示弹窗
            </wx-view>
            <wx-view
              class="fbm-cell__value value-class"
            />
            <van-icon
              class="fbm-cell__right-icon-wrap right-icon-class"
              customClass="fbm-cell__right-icon"
            >
              <wx-view
                class="custom-class van-icon van-icon-arrow"
                style=""
                bind:tap="onClick"
              />
            </van-icon>
          </wx-view>
        </fbm-cell>
        <fbm-cell
          bind:click="onClickThemeAlert2"
        >
          <wx-view
            class="custom-class fbm-cell fbm-cell--clickable"
            hoverClass="fbm-cell--hover hover-class"
            hoverStayTime="70"
            style=""
            bind:tap="onClick"
          >
            <wx-view
              class="fbm-cell__title title-class"
              style=""
            >
              提示弹窗（无标题）
            </wx-view>
            <wx-view
              class="fbm-cell__value value-class"
            />
            <van-icon
              class="fbm-cell__right-icon-wrap right-icon-class"
              customClass="fbm-cell__right-icon"
            >
              <wx-view
                class="custom-class van-icon van-icon-arrow"
                style=""
                bind:tap="onClick"
              />
            </van-icon>
          </wx-view>
        </fbm-cell>
      </wx-view>
    </wx-view>
  </demo-block>
  <demo-block>
    <wx-view
      class="custom-class demo-block fbm-clearfix demo-block--padding"
    >
      <wx-view
        class="demo-block__title"
      >
        异步关闭
      </wx-view>
      <wx-view
        class="demo-block__card"
      >
        <fbm-cell
          bind:click="onClickAsyncClose"
        >
          <wx-view
            class="custom-class fbm-cell"
            hoverClass="fbm-cell--hover hover-class"
            hoverStayTime="70"
            style=""
            bind:tap="onClick"
          >
            <wx-view
              class="fbm-cell__title title-class"
              style=""
            >
              异步关闭
            </wx-view>
            <wx-view
              class="fbm-cell__value value-class"
            />
          </wx-view>
        </fbm-cell>
      </wx-view>
    </wx-view>
  </demo-block>
  <demo-block>
    <wx-view
      class="custom-class demo-block fbm-clearfix demo-block--padding"
    >
      <wx-view
        class="demo-block__title"
      >
        组件调用
      </wx-view>
      <wx-view
        class="demo-block__card"
      >
        <fbm-cell
          bind:click="showCustomDialog"
        >
          <wx-view
            class="custom-class fbm-cell"
            hoverClass="fbm-cell--hover hover-class"
            hoverStayTime="70"
            style=""
            bind:tap="onClick"
          >
            <wx-view
              class="fbm-cell__title title-class"
              style=""
            >
              组件调用
            </wx-view>
            <wx-view
              class="fbm-cell__value value-class"
            />
          </wx-view>
        </fbm-cell>
      </wx-view>
    </wx-view>
  </demo-block>
  <fbm-dialog
    bind:close="onClose"
    bind:getuserinfo="getUserInfo"
  >
    <fbm-popup
      customClass="fbm-dialog fbm-dialog--default "
      bind:close="onClickOverlay"
    >
      <fbm-overlay
        bind:click="onClickOverlay"
      >
        <fbm-transition
          customClass="fbm-overlay"
          bind:tap="onClick"
          catch:touchmove="noop"
        />
      </fbm-overlay>
    </fbm-popup>
  </fbm-dialog>
  <fbm-dialog>
    <fbm-popup
      customClass="fbm-dialog fbm-dialog--default "
      bind:close="onClickOverlay"
    >
      <fbm-overlay
        bind:click="onClickOverlay"
      >
        <fbm-transition
          customClass="fbm-overlay"
          bind:tap="onClick"
          catch:touchmove="noop"
        />
      </fbm-overlay>
    </fbm-popup>
  </fbm-dialog>
</main>
`;
