// Jest Snapshot v1, https://goo.gl/fbAQLP

exports[`should render demo and match snapshot 1`] = `
<main>
  <demo-block>
    <wx-view
      class="custom-class demo-block fbm-clearfix "
    >
      <wx-view
        class="demo-block__title"
      >
        基础用法
      </wx-view>
      <fbm-submit-bar
        customClass="fbm-submit-bar"
        bind:submit="onClickButton"
      >
        <wx-view
          class="fbm-submit-bar custom-class"
        >
          <wx-view
            class="fbm-submit-bar__tip"
          />
          <wx-view
            class="bar-class fbm-submit-bar__bar"
          >
            <wx-view
              class="fbm-submit-bar__text"
            >
              <wx-text>
                合计：
              </wx-text>
              <wx-text
                class="fbm-submit-bar__price price-class"
              >
                <wx-text
                  class="fbm-submit-bar__currency"
                >
                  ¥ 
                </wx-text>
                <wx-text
                  class="fbm-submit-bar__price-integer"
                >
                  30
                </wx-text>
                <wx-text>
                  .50
                </wx-text>
              </wx-text>
              <wx-text
                class="fbm-submit-bar__suffix-label"
              >
                
              </wx-text>
            </wx-view>
            <fbm-button
              class="fbm-submit-bar__button"
              customClass="button-class"
              bind:click="onSubmit"
            >
              <wx-button
                appParameter=""
                ariaLabel=""
                businessId="{{0}}"
                class="custom-class fbm-button fbm-button--danger fbm-button--normal fbm-button--round "
                data-detail="{{null}}"
                formType=""
                hoverClass="fbm-button--active hover-class"
                id=""
                lang=""
                openType=""
                sendMessageImg=""
                sendMessagePath=""
                sendMessageTitle=""
                sessionFrom=""
                showMessageCard="{{false}}"
                style="width: 100%;"
                bind:contact="onContact"
                bind:error="onError"
                bind:getphonenumber="onGetPhoneNumber"
                bind:getuserinfo="onGetUserInfo"
                bind:launchapp="onLaunchApp"
                bind:opensetting="onOpenSetting"
                bind:tap="onClick"
              >
                <wx-view
                  class="fbm-button__text"
                >
                  
      提交订单
    
                </wx-view>
              </wx-button>
            </fbm-button>
          </wx-view>
        </wx-view>
      </fbm-submit-bar>
    </wx-view>
  </demo-block>
  <demo-block>
    <wx-view
      class="custom-class demo-block fbm-clearfix "
    >
      <wx-view
        class="demo-block__title"
      >
        禁用状态
      </wx-view>
      <fbm-submit-bar
        customClass="fbm-submit-bar"
        bind:submit="onClickButton"
      >
        <wx-view
          class="fbm-submit-bar custom-class"
        >
          <wx-view
            class="fbm-submit-bar__tip"
          >
            <van-icon
              customClass="fbm-submit-bar__tip-icon"
            >
              <wx-view
                class="custom-class van-icon van-icon-info-o"
                style="font-size:12px"
                bind:tap="onClick"
              />
            </van-icon>
            <wx-view
              class="fbm-submit-bar__tip-text"
            >
              
      您的收货地址不支持同城送, 我们已为您推荐快递
    
            </wx-view>
          </wx-view>
          <wx-view
            class="bar-class fbm-submit-bar__bar"
          >
            <wx-view
              class="fbm-submit-bar__text"
            >
              <wx-text>
                合计：
              </wx-text>
              <wx-text
                class="fbm-submit-bar__price price-class"
              >
                <wx-text
                  class="fbm-submit-bar__currency"
                >
                  ¥ 
                </wx-text>
                <wx-text
                  class="fbm-submit-bar__price-integer"
                >
                  30
                </wx-text>
                <wx-text>
                  .50
                </wx-text>
              </wx-text>
              <wx-text
                class="fbm-submit-bar__suffix-label"
              >
                
              </wx-text>
            </wx-view>
            <fbm-button
              class="fbm-submit-bar__button"
              customClass="button-class"
              bind:click="onSubmit"
            >
              <wx-button
                appParameter=""
                ariaLabel=""
                businessId="{{0}}"
                class="custom-class fbm-button fbm-button--danger fbm-button--normal fbm-button--round fbm-button--disabled fbm-button--unclickable "
                data-detail="{{null}}"
                formType=""
                hoverClass="fbm-button--active hover-class"
                id=""
                lang=""
                openType=""
                sendMessageImg=""
                sendMessagePath=""
                sendMessageTitle=""
                sessionFrom=""
                showMessageCard="{{false}}"
                style="width: 100%;"
                bind:contact="onContact"
                bind:error="onError"
                bind:getphonenumber="onGetPhoneNumber"
                bind:getuserinfo="onGetUserInfo"
                bind:launchapp="onLaunchApp"
                bind:opensetting="onOpenSetting"
                bind:tap=""
              >
                <wx-view
                  class="fbm-button__text"
                >
                  
      提交订单
    
                </wx-view>
              </wx-button>
            </fbm-button>
          </wx-view>
        </wx-view>
      </fbm-submit-bar>
    </wx-view>
  </demo-block>
  <demo-block>
    <wx-view
      class="custom-class demo-block fbm-clearfix "
    >
      <wx-view
        class="demo-block__title"
      >
        加载状态
      </wx-view>
      <fbm-submit-bar
        customClass="fbm-submit-bar"
        bind:submit="onClickButton"
      >
        <wx-view
          class="fbm-submit-bar custom-class"
        >
          <wx-view
            class="fbm-submit-bar__tip"
          />
          <wx-view
            class="bar-class fbm-submit-bar__bar"
          >
            <wx-view
              class="fbm-submit-bar__text"
            >
              <wx-text>
                合计：
              </wx-text>
              <wx-text
                class="fbm-submit-bar__price price-class"
              >
                <wx-text
                  class="fbm-submit-bar__currency"
                >
                  ¥ 
                </wx-text>
                <wx-text
                  class="fbm-submit-bar__price-integer"
                >
                  30
                </wx-text>
                <wx-text>
                  .50
                </wx-text>
              </wx-text>
              <wx-text
                class="fbm-submit-bar__suffix-label"
              >
                
              </wx-text>
            </wx-view>
            <fbm-button
              class="fbm-submit-bar__button"
              customClass="button-class"
              bind:click="onSubmit"
            >
              <wx-button
                appParameter=""
                ariaLabel=""
                businessId="{{0}}"
                class="custom-class fbm-button fbm-button--danger fbm-button--normal fbm-button--round fbm-button--loading fbm-button--unclickable "
                data-detail="{{null}}"
                formType=""
                hoverClass="fbm-button--active hover-class"
                id=""
                lang=""
                openType=""
                sendMessageImg=""
                sendMessagePath=""
                sendMessageTitle=""
                sessionFrom=""
                showMessageCard="{{false}}"
                style="width: 100%;"
                bind:contact="onContact"
                bind:error="onError"
                bind:getphonenumber="onGetPhoneNumber"
                bind:getuserinfo="onGetUserInfo"
                bind:launchapp="onLaunchApp"
                bind:opensetting="onOpenSetting"
                bind:tap=""
              >
                <fbm-loading
                  customClass="loading-class"
                >
                  <wx-view
                    class="custom-class fbm-loading"
                  >
                    <wx-view
                      class="fbm-loading__spinner fbm-loading__spinner--circular"
                      style="color:#fff;width:20px;height:20px"
                    />
                    <wx-view
                      class="fbm-loading__text"
                      style=""
                    />
                  </wx-view>
                </fbm-loading>
              </wx-button>
            </fbm-button>
          </wx-view>
        </wx-view>
      </fbm-submit-bar>
    </wx-view>
  </demo-block>
  <demo-block>
    <wx-view
      class="custom-class demo-block fbm-clearfix "
    >
      <wx-view
        class="demo-block__title"
      >
        高级用法
      </wx-view>
      <fbm-submit-bar
        customClass="fbm-submit-bar"
        bind:submit="onClickButton"
      >
        <wx-view
          class="fbm-submit-bar custom-class"
        >
          <wx-view
            class="fbm-submit-bar__tip"
          >
            <wx-view
              slot="tip"
            >
              
      您的收货地址不支持同城送
      
              <wx-text
                class="edit-address"
                bind:tap="onClickLink"
              >
                修改地址
              </wx-text>
            </wx-view>
          </wx-view>
          <wx-view
            class="bar-class fbm-submit-bar__bar"
          >
            <fbm-tag
              customClass="submit-tag"
            >
              <wx-view
                class="custom-class fbm-tag fbm-tag--primary"
                style=""
              >
                标签
              </wx-view>
            </fbm-tag>
            <wx-view
              class="fbm-submit-bar__text"
            >
              <wx-text>
                合计：
              </wx-text>
              <wx-text
                class="fbm-submit-bar__price price-class"
              >
                <wx-text
                  class="fbm-submit-bar__currency"
                >
                  ¥ 
                </wx-text>
                <wx-text
                  class="fbm-submit-bar__price-integer"
                >
                  30
                </wx-text>
                <wx-text>
                  .50
                </wx-text>
              </wx-text>
              <wx-text
                class="fbm-submit-bar__suffix-label"
              >
                
              </wx-text>
            </wx-view>
            <fbm-button
              class="fbm-submit-bar__button"
              customClass="button-class"
              bind:click="onSubmit"
            >
              <wx-button
                appParameter=""
                ariaLabel=""
                businessId="{{0}}"
                class="custom-class fbm-button fbm-button--danger fbm-button--normal fbm-button--round "
                data-detail="{{null}}"
                formType=""
                hoverClass="fbm-button--active hover-class"
                id=""
                lang=""
                openType=""
                sendMessageImg=""
                sendMessagePath=""
                sendMessageTitle=""
                sessionFrom=""
                showMessageCard="{{false}}"
                style="width: 100%;"
                bind:contact="onContact"
                bind:error="onError"
                bind:getphonenumber="onGetPhoneNumber"
                bind:getuserinfo="onGetUserInfo"
                bind:launchapp="onLaunchApp"
                bind:opensetting="onOpenSetting"
                bind:tap="onClick"
              >
                <wx-view
                  class="fbm-button__text"
                >
                  
      提交订单
    
                </wx-view>
              </wx-button>
            </fbm-button>
          </wx-view>
        </wx-view>
      </fbm-submit-bar>
    </wx-view>
  </demo-block>
  <fbm-toast
    id="fbm-toast"
  >
    <fbm-transition
      customClass="fbm-toast__container"
    />
  </fbm-toast>
</main>
`;
