// Jest Snapshot v1, https://goo.gl/fbAQLP

exports[`should render demo and match snapshot 1`] = `
<main>
  <demo-block>
    <wx-view
      class="custom-class demo-block fbm-clearfix "
    >
      <wx-view
        class="demo-block__title"
      >
        基础用法
      </wx-view>
      <fbm-swipe-cell>
        <wx-view
          class="fbm-swipe-cell custom-class"
          data-key="cell"
          catch:tap="onClick"
          bind:touchcancel="endDrag"
          bind:touchend="endDrag"
          catch:touchmove=""
          bind:touchstart="startDrag"
        >
          <wx-view
            style=""
          >
            <wx-view
              class="fbm-swipe-cell__left"
              data-key="left"
              catch:tap="onClick"
            >
              <wx-view
                class="fbm-swipe-cell__left"
                slot="left"
              >
                选择
              </wx-view>
            </wx-view>
            <fbm-cell-group>
              <wx-view
                class="custom-class fbm-cell-group fbm-hairline--top-bottom"
              >
                <fbm-cell>
                  <wx-view
                    class="custom-class fbm-cell"
                    hoverClass="fbm-cell--hover hover-class"
                    hoverStayTime="70"
                    style=""
                    bind:tap="onClick"
                  >
                    <wx-view
                      class="fbm-cell__title title-class"
                      style=""
                    >
                      单元格
                    </wx-view>
                    <wx-view
                      class="fbm-cell__value value-class"
                    >
                      内容
                    </wx-view>
                  </wx-view>
                </fbm-cell>
              </wx-view>
            </fbm-cell-group>
            <wx-view
              class="fbm-swipe-cell__right"
              data-key="right"
              catch:tap="onClick"
            >
              <wx-view
                class="fbm-swipe-cell__right"
                slot="right"
              >
                删除
              </wx-view>
            </wx-view>
          </wx-view>
        </wx-view>
      </fbm-swipe-cell>
    </wx-view>
  </demo-block>
  <demo-block>
    <wx-view
      class="custom-class demo-block fbm-clearfix "
    >
      <wx-view
        class="demo-block__title"
      >
        异步关闭
      </wx-view>
      <fbm-swipe-cell
        id="swipe-cell"
        bind:close="onClose"
      >
        <wx-view
          class="fbm-swipe-cell custom-class"
          data-key="cell"
          catch:tap="onClick"
          bind:touchcancel="endDrag"
          bind:touchend="endDrag"
          catch:touchmove=""
          bind:touchstart="startDrag"
        >
          <wx-view
            style=""
          >
            <wx-view
              class="fbm-swipe-cell__left"
              data-key="left"
              catch:tap="onClick"
            >
              <wx-view
                class="fbm-swipe-cell__left"
                slot="left"
              >
                选择
              </wx-view>
            </wx-view>
            <fbm-cell-group>
              <wx-view
                class="custom-class fbm-cell-group fbm-hairline--top-bottom"
              >
                <fbm-cell>
                  <wx-view
                    class="custom-class fbm-cell"
                    hoverClass="fbm-cell--hover hover-class"
                    hoverStayTime="70"
                    style=""
                    bind:tap="onClick"
                  >
                    <wx-view
                      class="fbm-cell__title title-class"
                      style=""
                    >
                      单元格
                    </wx-view>
                    <wx-view
                      class="fbm-cell__value value-class"
                    >
                      内容
                    </wx-view>
                  </wx-view>
                </fbm-cell>
              </wx-view>
            </fbm-cell-group>
            <wx-view
              class="fbm-swipe-cell__right"
              data-key="right"
              catch:tap="onClick"
            >
              <wx-view
                class="fbm-swipe-cell__right"
                slot="right"
              >
                删除
              </wx-view>
            </wx-view>
          </wx-view>
        </wx-view>
      </fbm-swipe-cell>
    </wx-view>
  </demo-block>
  <demo-block>
    <wx-view
      class="custom-class demo-block fbm-clearfix "
    >
      <wx-view
        class="demo-block__title"
      >
        主动打开
      </wx-view>
      <fbm-swipe-cell
        id="swipe-cell2"
        bind:open="onOpen"
      >
        <wx-view
          class="fbm-swipe-cell custom-class"
          data-key="cell"
          catch:tap="onClick"
          bind:touchcancel="endDrag"
          bind:touchend="endDrag"
          catch:touchmove=""
          bind:touchstart="startDrag"
        >
          <wx-view
            style=""
          >
            <wx-view
              class="fbm-swipe-cell__left"
              data-key="left"
              catch:tap="onClick"
            >
              <wx-view
                class="fbm-swipe-cell__left"
                slot="left"
              >
                选择
              </wx-view>
            </wx-view>
            <fbm-cell-group>
              <wx-view
                class="custom-class fbm-cell-group fbm-hairline--top-bottom"
              >
                <fbm-cell>
                  <wx-view
                    class="custom-class fbm-cell"
                    hoverClass="fbm-cell--hover hover-class"
                    hoverStayTime="70"
                    style=""
                    bind:tap="onClick"
                  >
                    <wx-view
                      class="fbm-cell__title title-class"
                      style=""
                    >
                      单元格
                    </wx-view>
                    <wx-view
                      class="fbm-cell__value value-class"
                    >
                      内容
                    </wx-view>
                  </wx-view>
                </fbm-cell>
              </wx-view>
            </fbm-cell-group>
            <wx-view
              class="fbm-swipe-cell__right"
              data-key="right"
              catch:tap="onClick"
            >
              <wx-view
                class="fbm-swipe-cell__right"
                slot="right"
              >
                删除
              </wx-view>
            </wx-view>
          </wx-view>
        </wx-view>
      </fbm-swipe-cell>
    </wx-view>
  </demo-block>
  <fbm-dialog>
    <fbm-popup
      customClass="fbm-dialog fbm-dialog--default "
      bind:close="onClickOverlay"
    >
      <fbm-overlay
        bind:click="onClickOverlay"
      >
        <fbm-transition
          customClass="fbm-overlay"
          bind:tap="onClick"
          catch:touchmove="noop"
        />
      </fbm-overlay>
    </fbm-popup>
  </fbm-dialog>
  <fbm-notify
    id="fbm-notify"
  >
    <fbm-transition
      customClass="fbm-notify__container"
      bind:tap="onTap"
    />
  </fbm-notify>
</main>
`;
